3
+villa: 714 781 1 villa
+villa: 1615 2832 1 villa
+tower: 2830 646 1 tower
+villa: 1536 1964 1 villa
+fortress: 2124 927 1 fortress
+keep: 2683 125 1 keep
+tower: 2812 364 1 tower
+villa: 1749 1521 1 villa
+marble patio: 943 344 1 marble patio
+sandstone patio: 679 751 1 sandstone patio
+fortress: 912 2456 1 fortress
+villa: 2181 657 1 villa
+log cabin: 2225 594 1 log cabin
+small tower: 1231 1975 1 small tower
+log cabin: 1230 1994 1 log cabin
+keep: 1219 731 1 keep
+keep: 1226 1356 1 keep
+log cabin: 1509 1893 1 log cabin
+tower: 1326 955 1 tower
+log cabin: 2309 1247 1 log cabin
+villa: 1830 3049 1 villa
+large house: 1637 3561 1 large house
+fortress: 1972 3112 1 fortress
+keep: 2539 184 1 keep
+small tower: 1622 2070 1 small tower
+small house: 4660 1371 1 small house
+small house: 2991 224 1 small house
+marble shop: 3709 2518 1 marble shop
+fortress: 780 1845 1 fortress
+log cabin: 2300 1254 1 log cabin
+small tower: 1860 1099 1 small tower
+tower: 1874 1166 1 tower
+tower: 883 2443 1 tower
+stone shop: 2883 3532 1 stone shop
+sandstone patio: 1340 2077 1 sandstone patio
+keep: 1994 1224 1 keep
+two story house: 3050 192 1 two story house
+sandstone patio: 999 1939 1 sandstone patio
+villa: 1467 2559 1 villa
+castle: 2592 142 1 castle
+log cabin: 4470 1033 1 log cabin
+small tower: 2232 664 1 small tower
+sandstone patio: 702 814 1 sandstone patio
+keep: 3040 168 1 keep
+small tower: 3183 810 1 small tower
+marble patio: 740 767 1 marble patio
+fortress: 2451 201 1 fortress
+fortress: 2286 1142 1 fortress
+keep: 893 1885 1 keep
+villa: 695 787 1 villa
+small house: 4475 3529 1 small house
+fortress: 2550 223 1 fortress
+fortress: 807 710 1 fortress
+small tower: 1688 2975 1 small tower
+tower: 1786 2837 1 tower
+keep: 2613 182 1 keep
+stone shop: 2898 3529 1 stone shop
+small house: 3126 67 1 small house
+tower: 1746 3211 1 tower
+villa: 683 826 1 villa
+villa: 1647 2774 1 villa
+marble patio: 2554 240 1 marble patio
+tower: 2914 514 1 tower
+keep: 982 1927 1 keep
+tower: 2519 125 1 tower
+tower: 719 1155 1 tower
+tower: 4283 1057 1 tower
+tower: 3955 362 1 tower
+tower: 3033 89 1 tower
+villa: 3034 307 1 villa
+two story house: 1627 705 1 two story house
+small tower: 788 753 1 small tower
+tower: 920 1923 1 tower
+fortress: 2121 93 1 fortress
+keep: 2061 919 1 keep
+fortress: 2585 184 1 fortress
+tower: 822 1189 1 tower
+sandstone patio: 3712 2043 1 sandstone patio
+villa: 921 340 1 villa
+villa: 683 843 1 villa
+fortress: 2552 153 1 fortress
+small tower: 4418 1511 1 small tower
+keep: 961 302 1 keep
+keep: 2362 211 1 keep
+tower: 958 328 1 tower
+small house: 1800 2483 1 small house
+small tower: 663 841 1 small tower
+large house: 957 2431 1 large house
+marble patio: 3936 337 1 marble patio
+villa: 1923 2091 1 villa
+marble patio: 733 1171 1 marble patio
+villa: 1798 2961 1 villa
+villa: 768 735 1 villa
+stone shop: 1806 2960 1 stone shop
+keep: 802 1344 1 keep
+fortress: 1877 2098 1 fortress
+small house: 2975 203 1 small house
+villa: 1998 1489 1 villa
+small tower: 1324 2467 1 small tower
+villa: 4272 3729 1 villa
+keep: 975 982 1 keep
+tower: 1206 1934 1 tower
+log cabin: 4354 1030 1 log cabin
+marble shop: 3193 786 1 marble shop
+keep: 2243 601 1 keep
+tower: 3198 775 1 tower
+tower: 1230 1921 1 tower
+villa: 3277 416 1 villa
+tower: 3414 669 1 tower
+keep: 1965 2096 1 keep
+small house: 4536 3525 1 small house
+patio house: 1843 2088 1 patio house
+small tower: 612 2099 1 small tower
+sandstone patio: 786 739 1 sandstone patio
+tower: 2151 573 1 tower
+small tower: 3728 2044 1 small tower
+log cabin: 1347 1438 1 log cabin
+fortress: 3037 129 1 fortress
+small tower: 669 921 1 small tower
+small tower: 2894 3550 1 small tower
+tower: 2544 306 1 tower
+villa: 2653 178 1 villa
+villa: 3704 2040 1 villa
+marble shop: 1324 1998 1 marble shop
+fortress: 3171 798 1 fortress
+marble shop: 1081 1401 1 marble shop
+small house: 1615 3325 1 small house
+tower: 1488 1899 1 tower
+log cabin: 1335 3061 1 log cabin
+keep: 1015 2554 1 keep
+fortress: 2059 1300 1 fortress
+marble shop: 4480 1491 1 marble shop
+small house: 759 2246 1 small house
+fortress: 2025 1258 1 fortress
+small house: 1107 3108 1 small house
+small house: 752 807 1 small house
+fortress: 2040 1210 1 fortress
+patio house: 3024 192 1 patio house
+fortress: 4022 616 1 fortress
+tower: 656 1331 1 tower
+tower: 1941 2098 1 tower
+small tower: 1692 2998 1 small tower
+fortress: 861 1901 1 fortress
+fortress: 2024 1300 1 fortress
+keep: 2586 102 1 keep
+small tower: 1668 2975 1 small tower
+keep: 1691 3142 1 keep
+small tower: 2856 3538 1 small tower
+villa: 2780 768 1 villa
+villa: 1448 905 1 villa
+small tower: 1666 2953 1 small tower
+keep: 2112 746 1 keep
+small house: 930 341 1 small house
+villa: 3367 528 1 villa
+keep: 944 868 1 keep
+tower: 1792 2275 1 tower
+tower: 1947 3425 1 tower
+villa: 1902 2071 1 villa
+keep: 1741 977 1 keep
+sandstone patio: 1830 663 1 sandstone patio
+villa: 1918 2072 1 villa
+stone shop: 1579 2492 1 stone shop
+villa: 1132 513 1 villa
+keep: 2137 841 1 keep
+marble shop: 1936 70 1 marble shop
+sandstone patio: 4606 1495 1 sandstone patio
+villa: 2155 600 1 villa
+log cabin: 1434 2567 1 log cabin
+tower: 2091 779 1 tower
+small tower: 705 972 1 small tower
+villa: 1058 2509 1 villa
+tower: 1311 995 1 tower
+large house: 1657 694 1 large house
+marble patio: 1796 726 1 marble patio
+keep: 990 474 1 keep
+log cabin: 4223 577 1 log cabin
+tower: 2034 946 1 tower
+small tower: 1580 2517 1 small tower
+keep: 1995 1558 1 keep
+small tower: 3696 2748 1 small tower
+marble shop: 1320 2720 1 marble shop
+tower: 1789 2684 1 tower
+fortress: 1716 536 1 fortress
+keep: 934 2320 1 keep
+sandstone patio: 722 805 1 sandstone patio
+marble shop: 1375 2750 1 marble shop
+patio house: 2113 517 1 patio house
+small house: 2167 663 1 small house
+small tower: 4451 1011 1 small tower
+small house: 3695 2726 1 small house
+patio house: 1753 1213 1 patio house
+tower: 1467 868 1 tower
+two story house: 4648 1385 1 two story house
+tower: 4429 3537 1 tower
+fortress: 2228 817 1 fortress
+castle: 1868 1523 1 castle
+small house: 2534 1111 1 small house
+two story house: 1650 2516 1 two story house
+fortress: 2132 3138 1 fortress
+keep: 899 1850 1 keep
+small house: 3418 2604 1 small house
+marble shop: 2764 745 1 marble shop
+sandstone patio: 846 2239 1 sandstone patio
+small house: 1238 1996 1 small house
+sandstone patio: 851 2308 1 sandstone patio
+small house: 1906 2309 1 small house
+sandstone patio: 3743 2545 1 sandstone patio
+two story house: 2364 868 1 two story house
+small tower: 1995 972 1 small tower
+small house: 1313 2261 1 small house
+marble shop: 3503 2802 1 marble shop
+small house: 1297 889 1 small house
+patio house: 1743 1039 1 patio house
+keep: 1861 292 1 keep
+keep: 2543 104 1 keep
+small tower: 705 939 1 small tower
+villa: 1726 1317 1 villa
+tower: 2854 131 1 tower
+sandstone patio: 4832 3607 1 sandstone patio
+villa: 1521 2555 1 villa
+tower: 1595 853 1 tower
+small house: 1351 2391 1 small house
+log cabin: 755 1116 1 log cabin
+keep: 1774 629 1 keep
+keep: 1112 2995 1 keep
+small house: 1966 128 1 small house
+keep: 1802 3111 1 keep
+fortress: 1890 1033 1 fortress
+villa: 1968 2337 1 villa
+small tower: 1340 1439 1 small tower
+patio house: 978 304 1 patio house
+two story house: 4436 3193 1 two story house
+tower: 2196 926 1 tower
+villa: 3909 411 1 villa
+small tower: 3061 142 1 small tower
+tower: 4511 3951 1 tower
+small tower: 3022 142 1 small tower
+small tower: 2792 2116 1 small tower
+small tower: 1988 3261 1 small tower
+sandstone patio: 1384 1414 1 sandstone patio
+small tower: 1308 577 1 small tower
+keep: 2504 192 1 keep
+log cabin: 3911 464 1 log cabin
+villa: 708 954 1 villa
+small tower: 844 1155 1 small tower
+log cabin: 1902 817 1 log cabin
+small house: 2962 224 1 small house
+large house: 1401 2564 1 large house
+large house: 1428 2540 1 large house
+patio house: 1334 1060 1 patio house
+keep: 2479 192 1 keep
+small house: 670 886 1 small house
+tower: 1910 1197 1 tower
+tower: 1798 631 1 tower
+small house: 2686 509 1 small house
+stone shop: 3009 189 1 stone shop
+tower: 4412 1488 1 tower
+small tower: 1372 2406 1 small tower
+villa: 2723 976 1 villa
+fortress: 1838 2306 1 fortress
+small tower: 1572 2467 1 small tower
+fortress: 1857 410 1 fortress
+small tower: 3717 2815 1 small tower
+log cabin: 1317 2236 1 log cabin
+small tower: 682 813 1 small tower
+keep: 2071 524 1 keep
+patio house: 1347 2238 1 patio house
+villa: 4383 955 1 villa
+fortress: 834 945 1 fortress
+small tower: 3545 2542 1 small tower
+villa: 1797 2776 1 villa
+patio house: 802 895 1 patio house
+small house: 1070 3170 1 small house
+villa: 1784 2738 1 villa
+fortress: 962 1255 1 fortress
+villa: 3595 2508 1 villa
+villa: 855 795 1 villa
+small tower: 2637 906 1 small tower
+small house: 723 805 1 small house
+log cabin: 2907 592 1 log cabin
+marble shop: 1993 110 1 marble shop
+small house: 839 2342 1 small house
+small house: 2977 189 1 small house
+two story house: 2975 224 1 two story house
+keep: 892 2023 1 keep
+marble shop: 1681 1494 1 marble shop
+small house: 4663 1385 1 small house
+small tower: 2810 2136 1 small tower
+small house: 1836 681 1 small house
+fortress: 1869 2345 1 fortress
+stone shop: 4445 1031 1 stone shop
+large house: 1327 2269 1 large house
+small house: 3059 159 1 small house
+castle: 3994 259 1 castle
+keep: 951 1125 1 keep
+tower: 1591 2479 1 tower
+small tower: 2324 908 1 small tower
+sandstone patio: 796 2310 1 sandstone patio
+sandstone patio: 1809 2922 1 sandstone patio
+patio house: 1180 2814 1 patio house
+fortress: 4061 543 1 fortress
+tower: 1335 2218 1 tower
+small tower: 2200 1983 1 small tower
+villa: 1829 326 1 villa
+small tower: 1792 3266 1 small tower
+stone shop: 2895 495 1 stone shop
+log cabin: 1706 887 1 log cabin
+tower: 2712 394 1 tower
+small tower: 1208 3606 1 small tower
+stone shop: 3121 185 1 stone shop
+patio house: 1774 552 1 patio house
+patio house: 2009 2010 1 patio house
+marble patio: 696 889 1 marble patio
+marble shop: 2786 878 1 marble shop
+villa: 3057 211 1 villa
+two story house: 3031 241 1 two story house
+small tower: 3061 92 1 small tower
+tower: 3027 218 1 tower
+small tower: 3061 117 1 small tower
+patio house: 1903 2432 1 patio house
+stone shop: 1323 2235 1 stone shop
+fortress: 1849 330 1 fortress
+two story house: 2840 431 1 two story house
+villa: 763 837 1 villa
+two story house: 2710 516 1 two story house
+keep: 1794 3294 1 keep
+tower: 1254 1921 1 tower
+keep: 797 1890 1 keep
+log cabin: 4449 1238 1 log cabin
+marble shop: 1808 229 1 marble shop
+marble shop: 757 803 1 marble shop
+keep: 2017 819 1 keep
+small tower: 2169 645 1 small tower
+tower: 1770 1158 1 tower
+small house: 2664 580 1 small house
+log cabin: 4401 1457 1 log cabin
+tower: 2003 774 1 tower
+tower: 1251 2411 1 tower
+sandstone patio: 2026 382 1 sandstone patio
+small tower: 2594 838 1 small tower
+tower: 1342 2843 1 tower
+marble shop: 2138 262 1 marble shop
+small tower: 1501 2735 1 small tower
+two story house: 1407 2823 1 two story house
+keep: 1774 658 1 keep
+fortress: 3925 397 1 fortress
+fortress: 821 1081 1 fortress
+small house: 831 2317 1 small house
+tower: 2421 223 1 tower
+marble shop: 3335 335 1 marble shop
+small house: 4602 3704 1 small house
+keep: 2044 524 1 keep
+small tower: 4515 1068 1 small tower
+marble patio: 1659 1229 1 marble patio
+villa: 4538 3089 1 villa
+small house: 867 1750 1 small house
+castle: 4093 543 1 castle
+small tower: 4120 591 1 small tower
+marble shop: 2119 2816 1 marble shop
+log cabin: 1278 1452 1 log cabin
+stone shop: 2772 726 1 stone shop
+two story house: 1603 1432 1 two story house
+small tower: 2358 1060 1 small tower
+fortress: 1967 2322 1 fortress
+marble shop: 749 803 1 marble shop
+tower: 1988 889 1 tower
+keep: 1847 1060 1 keep
+villa: 739 846 1 villa
+keep: 1852 366 1 keep
+small tower: 1764 556 1 small tower
+villa: 739 1806 1 villa
+fortress: 1906 2140 1 fortress
+villa: 3929 320 1 villa
+small tower: 1396 1440 1 small tower
+small tower: 3384 602 1 small tower
+tower: 1641 3186 1 tower
+stone shop: 2999 199 1 stone shop
+tower: 1473 825 1 tower
+keep: 2142 3448 1 keep
+tower: 1840 3452 1 tower
+small house: 797 1399 1 small house
+small tower: 918 2412 1 small tower
+marble patio: 3935 413 1 marble patio
+fortress: 4024 527 1 fortress
+small tower: 1767 2369 1 small tower
+small house: 843 2328 1 small house
+log cabin: 1375 2554 1 log cabin
+patio house: 914 1948 1 patio house
+tower: 861 940 1 tower
+tower: 2151 656 1 tower
+two story house: 912 1871 1 two story house
+large house: 2056 108 1 large house
+marble shop: 4563 3193 1 marble shop
+small house: 779 2312 1 small house
+tower: 855 1177 1 tower
+log cabin: 4375 1243 1 log cabin
+tower: 2043 779 1 tower
+tower: 3968 413 1 tower
+keep: 1930 454 1 keep
+marble patio: 1827 351 1 marble patio
+keep: 2088 899 1 keep
+stone shop: 4515 1079 1 stone shop
+fortress: 1175 2794 1 fortress
+small tower: 129 1492 1 small tower
+marble shop: 1930 849 1 marble shop
+villa: 851 959 1 villa
+tower: 1208 2813 1 tower
+log cabin: 3898 435 1 log cabin
+tower: 825 2386 1 tower
+villa: 141 1482 1 villa
+log cabin: 725 759 1 log cabin
+log cabin: 3590 2558 1 log cabin
+small house: 2987 208 1 small house
+stone shop: 1156 2647 1 stone shop
+villa: 1770 285 1 villa
+small house: 1355 2252 1 small house
+log cabin: 1319 2744 1 log cabin
+villa: 653 1828 1 villa
+fortress: 1814 392 1 fortress
+tower: 2653 564 1 tower
+stone shop: 1180 2642 1 stone shop
+small tower: 2945 597 1 small tower
+tower: 674 908 1 tower
+tower: 3957 506 1 tower
+small house: 798 2288 1 small house
+tower: 1960 775 1 tower
+keep: 2038 2021 1 keep
+large house: 840 893 1 large house
+log cabin: 858 916 1 log cabin
+sandstone patio: 4531 1247 1 sandstone patio
+tower: 1693 650 1 tower
+small tower: 812 933 1 small tower
+fortress: 1902 2383 1 fortress
+fortress: 824 816 1 fortress
+tower: 3918 350 1 tower
+log cabin: 2666 462 1 log cabin
+marble shop: 2930 588 1 marble shop
+tower: 1099 2518 1 tower
+tower: 796 817 1 tower
+small house: 3914 322 1 small house
+villa: 1375 774 1 villa
+stone shop: 1983 1474 1 stone shop
+patio house: 840 1211 1 patio house
+stone shop: 1211 1911 1 stone shop
+keep: 4121 533 1 keep
+small tower: 728 903 1 small tower
+marble patio: 3876 254 1 marble patio
+small tower: 1998 50 1 small tower
+small house: 3937 313 1 small house
+large house: 1215 762 1 large house
+small tower: 1330 1966 1 small tower
+keep: 1742 759 1 keep
+small tower: 4627 1283 1 small tower
+sandstone patio: 4526 974 1 sandstone patio
+villa: 867 1857 1 villa
+tower: 1743 1420 1 tower
+small tower: 2768 735 1 small tower
+stone shop: 2783 684 1 stone shop
+small tower: 720 965 1 small tower
+small house: 799 540 1 small house
+fortress: 3911 270 1 fortress
+keep: 1994 1261 1 keep
+small tower: 1568 2547 1 small tower
+tower: 3504 307 1 tower
+log cabin: 1917 3414 1 log cabin
+tower: 1774 682 1 tower
+small tower: 2847 3521 1 small tower
+small tower: 4556 3661 1 small tower
+tower: 699 916 1 tower
+villa: 3157 752 1 villa
+small tower: 817 727 1 small tower
+small tower: 2764 1041 1 small tower
+small tower: 2848 3498 1 small tower
+keep: 4084 577 1 keep
+two story house: 799 775 1 two story house
+log cabin: 1272 1923 1 log cabin
+small tower: 1385 1324 1 small tower
+castle: 4076 332 1 castle
+small house: 1976 963 1 small house
+tower: 1136 2791 1 tower
+small tower: 2827 626 1 small tower
+small tower: 4518 1501 1 small tower
+villa: 1207 2662 1 villa
+small tower: 3213 763 1 small tower
+keep: 1936 2344 1 keep
+villa: 2993 167 1 villa
+small tower: 2071 1016 1 small tower
+marble shop: 4541 1063 1 marble shop
+small house: 4716 1421 1 small house
+log cabin: 1119 1127 1 log cabin
+marble shop: 3588 2479 1 marble shop
+tower: 1530 1997 1 tower
+patio house: 1886 2300 1 patio house
+villa: 725 945 1 villa
+fortress: 3177 625 1 fortress
+keep: 1798 3184 1 keep
+villa: 704 834 1 villa
+small tower: 1817 3280 1 small tower
+sandstone patio: 747 824 1 sandstone patio
+tower: 1794 3321 1 tower
+log cabin: 1212 3575 1 log cabin
+tower: 1726 1469 1 tower
+marble shop: 1667 2271 1 marble shop
+small house: 1320 1095 1 small house
+keep: 2059 991 1 keep
+small tower: 1806 3266 1 small tower
+small tower: 2037 628 1 small tower
+small tower: 2056 1014 1 small tower
+marble patio: 2225 619 1 marble patio
+stone shop: 1496 1122 1 stone shop
+small house: 763 2322 1 small house
+tower: 888 769 1 tower
+villa: 941 364 1 villa
+tower: 1774 737 1 tower
+small tower: 684 921 1 small tower
+small tower: 2091 1165 1 small tower
+two story house: 2809 340 1 two story house
+large house: 1797 2985 1 large house
+fortress: 824 2002 1 fortress
+small house: 704 835 1 small house
+tower: 2806 281 1 tower
+sandstone patio: 2383 221 1 sandstone patio
+log cabin: 2558 352 1 log cabin
+two story house: 881 742 1 two story house
+small tower: 1763 1170 1 small tower
+small tower: 2798 504 1 small tower
+small house: 924 2419 1 small house
+tower: 1913 3448 1 tower
+tower: 1246 305 1 tower
+keep: 4094 608 1 keep
+small tower: 1389 2556 1 small tower
+stone shop: 1111 2331 1 stone shop
+keep: 4106 381 1 keep
+marble shop: 2136 297 1 marble shop
+small house: 1313 279 1 small house
+keep: 2245 907 1 keep
+tower: 1960 1505 1 tower
+tower: 1562 2655 1 tower
+sandstone patio: 1415 802 1 sandstone patio
+small tower: 1966 43 1 small tower
+fortress: 2166 855 1 fortress
+castle: 2166 901 1 castle
+tower: 2301 1207 1 tower
+keep: 1986 1464 1 keep
+fortress: 1739 1016 1 fortress
+keep: 2077 957 1 keep
+tower: 1929 2367 1 tower
+stone shop: 3013 227 1 stone shop
+villa: 1492 941 1 villa
+keep: 4057 603 1 keep
+small tower: 2603 1064 1 small tower
+villa: 1341 815 1 villa
+villa: 747 723 1 villa
+tower: 1837 2264 1 tower
+small tower: 1072 2109 1 small tower
+small tower: 4688 1158 1 small tower
+tower: 159 1477 1 tower
+tower: 1623 1242 1 tower
+fortress: 4028 267 1 fortress
+tower: 1143 2521 1 tower
+sandstone patio: 1099 3219 1 sandstone patio
+villa: 2150 2154 1 villa
+fortress: 780 1985 1 fortress
+tower: 3905 223 1 tower
+small tower: 2677 669 1 small tower
+marble shop: 679 777 1 marble shop
+marble patio: 2133 284 1 marble patio
+sandstone patio: 1366 841 1 sandstone patio
+small tower: 956 1092 1 small tower
+small tower: 2912 3550 1 small tower
+fortress: 660 1370 1 fortress
+tower: 724 728 1 tower
+small tower: 865 1191 1 small tower
+tower: 737 869 1 tower
+tower: 2709 584 1 tower
+tower: 3247 678 1 tower
+tower: 2140 169 1 tower
+tower: 2685 588 1 tower
+villa: 988 1244 1 villa
+tower: 4255 623 1 tower
+small tower: 788 1380 1 small tower
+tower: 698 746 1 tower
+tower: 4036 636 1 tower
+fortress: 2491 144 1 fortress
+patio house: 1531 2546 1 patio house
+small tower: 4588 3546 1 small tower
+fortress: 2095 863 1 fortress
+fortress: 933 2363 1 fortress
+sandstone patio: 2587 75 1 sandstone patio
+small tower: 4308 913 1 small tower
+tower: 1780 598 1 tower
+small house: 876 2318 1 small house
+sandstone patio: 2320 894 1 sandstone patio
+villa: 1232 1497 1 villa
+small house: 1734 1326 1 small house
+keep: 2818 429 1 keep
+small house: 1417 1259 1 small house
+tower: 1687 1225 1 tower
+marble shop: 1357 1936 1 marble shop
+log cabin: 2789 854 1 log cabin
+keep: 848 2290 1 keep
+villa: 2656 529 1 villa
+sandstone patio: 2806 318 1 sandstone patio
+fortress: 2119 785 1 fortress
+keep: 4114 637 1 keep
+tower: 2177 609 1 tower
+small tower: 712 1378 1 small tower
+fortress: 3992 527 1 fortress
+log cabin: 1388 322 1 log cabin
+tower: 2019 367 1 tower
+tower: 3964 528 1 tower
+fortress: 1926 1059 1 fortress
+small tower: 714 928 1 small tower
+patio house: 1947 2227 1 patio house
+two story house: 739 1899 1 two story house
+small tower: 4540 1125 1 small tower
+small tower: 728 928 1 small tower
+villa: 989 1227 1 villa
+small tower: 836 2239 1 small tower
+tower: 3230 584 1 tower
+marble shop: 1440 2943 1 marble shop
+sandstone patio: 2453 93 1 sandstone patio
+small house: 1331 356 1 small house
+log cabin: 4606 1477 1 log cabin
+keep: 4022 564 1 keep
+marble shop: 2809 700 1 marble shop
+log cabin: 710 785 1 log cabin
+marble shop: 4618 3586 1 marble shop
+tower: 1168 2735 1 tower
+villa: 773 1938 1 villa
+small tower: 2738 744 1 small tower
+large house: 2502 164 1 large house
+marble shop: 4488 1020 1 marble shop
+small tower: 2021 1212 1 small tower
+villa: 1595 2340 1 villa
+fortress: 2087 2341 1 fortress
+small tower: 2681 730 1 small tower
+keep: 1871 1482 1 keep
+small tower: 1637 2505 1 small tower
+log cabin: 3294 622 1 log cabin
+villa: 1472 1066 1 villa
+fortress: 1926 1100 1 fortress
+small tower: 1229 2964 1 small tower
+tower: 2613 97 1 tower
+tower: 2635 973 1 tower
+villa: 4612 1317 1 villa
+small house: 1893 1559 1 small house
+small house: 1860 1537 1 small house
+large house: 2100 208 1 large house
+small house: 2160 3620 1 small house
+small tower: 4824 3624 1 small tower
+log cabin: 821 2188 1 log cabin
+small tower: 1364 1960 1 small tower
+two story house: 3918 417 1 two story house
+villa: 1343 1965 1 villa
+marble patio: 899 2299 1 marble patio
+villa: 1561 662 1 villa
+keep: 4255 721 1 keep
+small tower: 2700 750 1 small tower
+sandstone patio: 1874 1537 1 sandstone patio
+tower: 3203 499 1 tower
+keep: 1957 1067 1 keep
+tower: 1147 2920 1 tower
+villa: 1944 2073 1 villa
+two story house: 2053 1936 1 two story house
+keep: 2110 169 1 keep
+villa: 4708 1420 1 villa
+marble patio: 3244 652 1 marble patio
+villa: 859 2321 1 villa
+keep: 1678 696 1 keep
+patio house: 2080 3437 1 patio house
+marble shop: 1291 2652 1 marble shop
+large house: 1893 3484 1 large house
+small tower: 2589 982 1 small tower
+large house: 1346 358 1 large house
+sandstone patio: 1752 1053 1 sandstone patio
+villa: 1351 2510 1 villa
+small tower: 1026 2593 1 small tower
+marble shop: 1898 3139 1 marble shop
+small tower: 1154 2989 1 small tower
+villa: 1643 837 1 villa
+tower: 1329 1082 1 tower
+tower: 1694 619 1 tower
+small house: 3541 2567 1 small house
+villa: 3921 434 1 villa
+villa: 1853 1535 1 villa
+marble shop: 771 777 1 marble shop
+sandstone patio: 738 783 1 sandstone patio
+marble patio: 2935 291 1 marble patio
+small tower: 808 2380 1 small tower
+tower: 826 1013 1 tower
+tower: 1868 1559 1 tower
+fortress: 1175 2936 1 fortress
+small house: 3407 2626 1 small house
+villa: 1649 1229 1 villa
+large house: 784 851 1 large house
+log cabin: 678 804 1 log cabin
+villa: 3175 337 1 villa
+keep: 910 2088 1 keep
+marble shop: 2751 756 1 marble shop
+marble shop: 790 720 1 marble shop
+small tower: 2552 700 1 small tower
+villa: 1328 970 1 villa
+tower: 1813 2397 1 tower
+fortress: 2205 612 1 fortress
+keep: 1054 2015 1 keep
+two story house: 1972 1542 1 two story house
+small house: 3109 587 1 small house
+tower: 2007 1092 1 tower
+tower: 1767 1100 1 tower
+small tower: 3651 2085 1 small tower
+tower: 4000 221 1 tower
+tower: 1274 1304 1 tower
+small tower: 1066 367 1 small tower
+tower: 2731 1101 1 tower
+small house: 3059 174 1 small house
+two story house: 1341 3043 1 two story house
+villa: 1634 3534 1 villa
+tower: 2214 663 1 tower
+fortress: 1867 2447 1 fortress
+keep: 986 1329 1 keep
+small house: 887 2303 1 small house
+villa: 1184 316 1 villa
+small house: 1601 1392 1 small house
+marble patio: 1738 586 1 marble patio
+keep: 1793 2443 1 keep
+small tower: 2845 585 1 small tower
+small house: 1809 2489 1 small house
+villa: 759 957 1 villa
+stone shop: 950 2345 1 stone shop
+small house: 4621 1494 1 small house
+villa: 2322 1038 1 villa
+keep: 849 2384 1 keep
+two story house: 823 1210 1 two story house
+tower: 1874 2379 1 tower
+small tower: 4690 1434 1 small tower
+small tower: 1211 355 1 small tower
+two story house: 1989 1193 1 two story house
+keep: 3223 705 1 keep
+tower: 784 1476 1 tower
+stone shop: 4051 313 1 stone shop
+two story house: 2219 575 1 two story house
+sandstone patio: 827 970 1 sandstone patio
+tower: 647 774 1 tower
+tower: 1168 2987 1 tower
+tower: 2845 181 1 tower
+two story house: 2086 464 1 two story house
+small house: 3015 3574 1 small house
+sandstone patio: 1220 1948 1 sandstone patio
+small house: 3079 70 1 small house
+log cabin: 2724 2040 1 log cabin
+small tower: 2797 718 1 small tower
+sandstone patio: 4562 1517 1 sandstone patio
+small house: 4574 971 1 small house
+marble shop: 2034 93 1 marble shop
+marble shop: 2779 744 1 marble shop
+sandstone patio: 4569 3831 1 sandstone patio
+small tower: 1186 2983 1 small tower
+villa: 851 2256 1 villa
+keep: 2048 2317 1 keep
+tower: 806 918 1 tower
+tower: 2114 371 1 tower
+keep: 1886 1196 1 keep
+fortress: 2034 1046 1 fortress
+tower: 4462 3968 1 tower
+tower: 1142 587 1 tower
+tower: 731 1045 1 tower
+tower: 1846 3512 1 tower
+keep: 4025 228 1 keep
+keep: 719 1905 1 keep
+patio house: 4250 644 1 patio house
+tower: 1894 2405 1 tower
+two story house: 3112 66 1 two story house
+villa: 1971 2937 1 villa
+keep: 1138 2951 1 keep
+tower: 2018 1320 1 tower
+villa: 3141 64 1 villa
+tower: 1627 579 1 tower
+two story house: 848 779 1 two story house
+tower: 1191 2345 1 tower
+villa: 2925 3545 1 villa
+log cabin: 2314 741 1 log cabin
+marble shop: 2453 118 1 marble shop
+keep: 2216 3388 1 keep
+small tower: 1276 2667 1 small tower
+marble shop: 2884 595 1 marble shop
+small house: 1955 374 1 small house
+small house: 1498 213 1 small house
+sandstone patio: 2755 1064 1 sandstone patio
+patio house: 1792 3206 1 patio house
+small tower: 1970 829 1 small tower
+stone shop: 1912 907 1 stone shop
+two story house: 1695 868 1 two story house
+tower: 3466 424 1 tower
+villa: 881 2257 1 villa
+marble shop: 1888 830 1 marble shop
+small tower: 1693 1395 1 small tower
+tower: 1794 2416 1 tower
+sandstone patio: 3470 601 1 sandstone patio
+small tower: 2236 572 1 small tower
+small tower: 4348 1051 1 small tower
+tower: 1327 2568 1 tower
+fortress: 4216 645 1 fortress
+small tower: 4549 3519 1 small tower
+two story house: 1933 405 1 two story house
+keep: 1913 3128 1 keep
+tower: 1279 2568 1 tower
+villa: 827 666 1 villa
+tower: 2104 3123 1 tower
+large house: 2247 836 1 large house
+keep: 1843 2394 1 keep
+sandstone patio: 3491 320 1 sandstone patio
+sandstone patio: 2890 582 1 sandstone patio
+marble shop: 1953 2947 1 marble shop
+villa: 2086 2375 1 villa
+marble shop: 677 761 1 marble shop
+large house: 3223 295 1 large house
+tower: 1303 2568 1 tower
+tower: 2139 3100 1 tower
+marble shop: 841 813 1 marble shop
+small house: 1520 2976 1 small house
+fortress: 1858 2520 1 fortress
+tower: 3198 313 1 tower
+small house: 1977 1194 1 small house
+large house: 1583 553 1 large house
+villa: 1452 1327 1 villa
+tower: 1725 617 1 tower
+villa: 2304 1181 1 villa
+small house: 3302 289 1 small house
+small house: 1796 552 1 small house
+patio house: 1775 576 1 patio house
+two story house: 1727 929 1 two story house
+two story house: 1737 949 1 two story house
+marble shop: 2775 527 1 marble shop
+small house: 867 2364 1 small house
+tower: 3196 335 1 tower
+stone shop: 2933 3542 1 stone shop
+small house: 880 2390 1 small house
+tower: 1709 910 1 tower
+two story house: 2114 1958 1 two story house
+small tower: 1998 1507 1 small tower
+marble patio: 1523 2815 1 marble patio
+large house: 3176 324 1 large house
+villa: 1803 276 1 villa
+log cabin: 726 761 1 log cabin
+two story house: 1002 325 1 two story house
+two story house: 1395 1967 1 two story house
+tower: 2036 2348 1 tower
+small house: 1446 744 1 small house
+sandstone patio: 1978 128 1 sandstone patio
+sandstone patio: 647 733 1 sandstone patio
+small tower: 1847 2539 1 small tower
+tower: 1268 762 1 tower
+small house: 1597 2127 1 small house
+small tower: 778 816 1 small tower
+keep: 1803 2254 1 keep
+small tower: 2357 3418 1 small tower
+tower: 1326 3140 1 tower
+small house: 1338 1242 1 small house
+keep: 2150 686 1 keep
+small house: 4398 3385 1 small house
+tower: 859 983 1 tower
+small tower: 1606 1247 1 small tower
+tower: 1301 292 1 tower
+small tower: 3503 2419 1 small tower
+villa: 2155 965 1 villa
+fortress: 2206 899 1 fortress
+tower: 1976 3135 1 tower
+log cabin: 4388 3383 1 log cabin
+sandstone patio: 1952 361 1 sandstone patio
+marble shop: 2801 708 1 marble shop
+log cabin: 3583 2608 1 log cabin
+tower: 1417 757 1 tower
+small house: 1282 2652 1 small house
+sandstone patio: 815 752 1 sandstone patio
+patio house: 4608 3294 1 patio house
+small tower: 2005 1444 1 small tower
+tower: 2087 821 1 tower
+tower: 1908 1138 1 tower
+tower: 1166 271 1 tower
+small tower: 4778 3847 1 small tower
+small house: 1224 2701 1 small house
+villa: 1216 2680 1 villa
+tower: 1885 2493 1 tower
+patio house: 2238 879 1 patio house
+small house: 1793 2217 1 small house
+marble patio: 1671 850 1 marble patio
+tower: 1538 1117 1 tower
+small tower: 1304 2349 1 small tower
+patio house: 1109 3017 1 patio house
+fortress: 3994 566 1 fortress
+marble shop: 4553 3557 1 marble shop
+small tower: 840 2419 1 small tower
+keep: 2011 1195 1 keep
+keep: 4139 634 1 keep
+tower: 4163 629 1 tower
+tower: 2037 2188 1 tower
+small house: 1397 2010 1 small house
+villa: 699 765 1 villa
+fortress: 1855 1147 1 fortress
+keep: 2204 854 1 keep
+sandstone patio: 4633 1352 1 sandstone patio
+villa: 2218 774 1 villa
+small house: 2247 813 1 small house
+villa: 4074 501 1 villa
+small tower: 1689 1380 1 small tower
+marble shop: 1944 59 1 marble shop
+tower: 1828 2338 1 tower
+villa: 2166 761 1 villa
+villa: 2778 2001 1 villa
+marble shop: 2799 2114 1 marble shop
+small tower: 1069 1962 1 small tower
+small house: 4443 3523 1 small house
+small tower: 1969 1481 1 small tower
+small tower: 1244 1498 1 small tower
+small tower: 4348 1077 1 small tower
+small tower: 769 2359 1 small tower
+marble shop: 1261 1261 1 marble shop
+tower: 1999 2381 1 tower
+small tower: 2818 626 1 small tower
+villa: 1560 1109 1 villa
+small tower: 2672 1141 1 small tower
+small tower: 2588 1042 1 small tower
+villa: 1139 219 1 villa
+keep: 2147 511 1 keep
+patio house: 2134 344 1 patio house
+patio house: 870 645 1 patio house
+patio house: 1757 576 1 patio house
+villa: 1902 3460 1 villa
+marble shop: 4383 1225 1 marble shop
+villa: 715 760 1 villa
+tower: 1999 1388 1 tower
+tower: 2172 587 1 tower
+tower: 1759 1190 1 tower
+patio house: 2250 522 1 patio house
+marble patio: 2108 2149 1 marble patio
+villa: 2246 615 1 villa
+small house: 2977 429 1 small house
+tower: 1885 2514 1 tower
+villa: 2336 1248 1 villa
+tower: 1250 2965 1 tower
+marble shop: 4406 1281 1 marble shop
+sandstone patio: 793 1490 1 sandstone patio
+tower: 1616 284 1 tower
+small tower: 2408 933 1 small tower
+tower: 1867 2288 1 tower
+small house: 4625 3892 1 small house
+small tower: 861 818 1 small tower
+small house: 1643 3531 1 small house
+small tower: 804 2326 1 small tower
+patio house: 1406 295 1 patio house
+small house: 1307 912 1 small house
+villa: 2649 344 1 villa
+keep: 4278 753 1 keep
+keep: 1827 2461 1 keep
+sandstone patio: 727 790 1 sandstone patio
+keep: 1144 2746 1 keep
+villa: 1402 308 1 villa
+patio house: 712 874 1 patio house
+log cabin: 883 2335 1 log cabin
+tower: 2338 1048 1 tower
+small tower: 792 1456 1 small tower
+villa: 1932 801 1 villa
+tower: 987 2183 1 tower
+fortress: 2655 130 1 fortress
+log cabin: 4646 1481 1 log cabin
+tower: 1953 1031 1 tower
+log cabin: 4574 1036 1 log cabin
+villa: 2954 270 1 villa
+sandstone patio: 2610 841 1 sandstone patio
+villa: 2701 509 1 villa
+villa: 1585 1332 1 villa
+small tower: 1501 2563 1 small tower
+small tower: 846 837 1 small tower
+small tower: 936 1110 1 small tower
+villa: 2217 276 1 villa
+small house: 864 2307 1 small house
+keep: 1935 384 1 keep
+villa: 2007 1423 1 villa
+large house: 1354 2277 1 large house
+stone shop: 521 1638 1 stone shop
+tower: 1046 3173 1 tower
+small tower: 2011 1526 1 small tower
+villa: 3286 734 1 villa
+villa: 1349 2560 1 villa
+small tower: 1924 2382 1 small tower
+villa: 1011 1908 1 villa
+tower: 1055 3121 1 tower
+small house: 1629 3519 1 small house
+small house: 4458 3519 1 small house
+small tower: 4458 3541 1 small tower
+villa: 2609 917 1 villa
+villa: 2569 91 1 villa
+marble patio: 1690 554 1 marble patio
+log cabin: 4116 3759 1 log cabin
+fortress: 4179 433 1 fortress
+patio house: 1006 346 1 patio house
+tower: 1411 3038 1 tower
+stone shop: 874 2454 1 stone shop
+large house: 741 629 1 large house
+small house: 1330 1249 1 small house
+small tower: 2122 843 1 small tower
+small tower: 1572 2499 1 small tower
+tower: 1707 1396 1 tower
+patio house: 1237 722 1 patio house
+tower: 1114 2965 1 tower
+villa: 988 1863 1 villa
+tower: 2031 1106 1 tower
+log cabin: 726 1099 1 log cabin
+patio house: 1415 1098 1 patio house
+tower: 3884 277 1 tower
+small tower: 4620 1153 1 small tower
+villa: 2126 800 1 villa
+fortress: 2479 107 1 fortress
+sandstone patio: 3585 2533 1 sandstone patio
+fortress: 812 1476 1 fortress
+small house: 1842 2212 1 small house
+small tower: 2809 626 1 small tower
+small house: 909 2399 1 small house
+tower: 1798 2555 1 tower
+small house: 4606 1447 1 small house
+tower: 1678 2174 1 tower
+two story house: 812 958 1 two story house
+fortress: 2001 1033 1 fortress
+small tower: 2792 2134 1 small tower
+villa: 4580 3148 1 villa
+tower: 951 650 1 tower
+small house: 2325 790 1 small house
+fortress: 4065 642 1 fortress
+small tower: 1347 2878 1 small tower
+marble shop: 2780 901 1 marble shop
+villa: 2369 1081 1 villa
+tower: 2285 992 1 tower
+small tower: 748 1400 1 small tower
+tower: 2031 662 1 tower
+large house: 680 725 1 large house
+small tower: 2157 587 1 small tower
+small house: 605 1468 1 small house
+small house: 1834 3034 1 small house
+small tower: 1753 3039 1 small tower
+small tower: 1228 979 1 small tower
+small tower: 1943 102 1 small tower
+small tower: 1248 2485 1 small tower
+tower: 2733 382 1 tower
+small tower: 3953 415 1 small tower
+small tower: 4593 1498 1 small tower
+small tower: 4532 1311 1 small tower
+keep: 1870 2408 1 keep
+marble patio: 1461 742 1 marble patio
+large house: 1995 3095 1 large house
+marble shop: 755 754 1 marble shop
+tower: 2061 2032 1 tower
+small tower: 1410 2836 1 small tower
+small tower: 2660 2322 1 small tower
+small tower: 2702 129 1 small tower
+marble patio: 1228 403 1 marble patio
+tower: 2008 1352 1 tower
+small house: 2022 836 1 small house
+tower: 4589 3421 1 tower
+tower: 1797 2329 1 tower
+small house: 821 2400 1 small house
+tower: 826 992 1 tower
+tower: 938 620 1 tower
+small tower: 2736 281 1 small tower
+tower: 1006 2656 1 tower
+log cabin: 845 2436 1 log cabin
+fortress: 4147 397 1 fortress
+small house: 2361 956 1 small house
+small house: 243 1024 1 small house
+small house: 1885 236 1 small house
+two story house: 1340 3022 1 two story house
+small house: 4200 431 1 small house
+patio house: 3940 259 1 patio house
+two story house: 4256 744 1 two story house
+two story house: 1809 804 1 two story house
+small house: 210 1369 1 small house
+tower: 3434 649 1 tower
+tower: 4151 417 1 tower
+two story house: 1567 902 1 two story house
+marble patio: 2451 158 1 marble patio
+small tower: 962 1680 1 small tower
+marble shop: 3711 2706 1 marble shop
+small house: 2342 3456 1 small house
+small tower: 2710 632 1 small tower
+tower: 1770 1071 1 tower
+small tower: 4574 3419 1 small tower
+small tower: 969 1694 1 small tower
+keep: 943 1680 1 keep
+small tower: 868 2379 1 small tower
+small tower: 609 1707 1 small tower
+small tower: 911 2532 1 small tower
+villa: 971 409 1 villa
+villa: 2090 3361 1 villa
+small house: 874 2305 1 small house
+large house: 1811 2275 1 large house
+fortress: 2192 804 1 fortress
+sandstone patio: 1991 143 1 sandstone patio
+small tower: 4696 1121 1 small tower
+tower: 2171 500 1 tower
+log cabin: 1935 355 1 log cabin
+keep: 1931 2311 1 keep
+villa: 4517 3136 1 villa
+tower: 1342 2600 1 tower
+small house: 2720 632 1 small house
+keep: 847 1951 1 keep
+small tower: 2644 2324 1 small tower
+small house: 220 1378 1 small house
+marble shop: 1947 884 1 marble shop
+log cabin: 766 701 1 log cabin
+small tower: 2191 660 1 small tower
+fortress: 2014 984 1 fortress
+small tower: 2396 942 1 small tower
+large house: 4277 726 1 large house
+keep: 950 996 1 keep
+tower: 2080 134 1 tower
+small tower: 892 2254 1 small tower
+small tower: 2129 558 1 small tower
+log cabin: 2672 294 1 log cabin
+small tower: 3283 236 1 small tower
+keep: 1150 2857 1 keep
+villa: 1756 235 1 villa
+marble shop: 1863 915 1 marble shop
+stone shop: 1841 797 1 stone shop
+keep: 4248 679 1 keep
+large house: 3333 658 1 large house
+fortress: 1986 2267 1 fortress
+small tower: 1812 2295 1 small tower
+small tower: 776 829 1 small tower
+patio house: 1892 189 1 patio house
+large house: 999 2416 1 large house
+villa: 1937 1132 1 villa
+small tower: 2678 2325 1 small tower
+small tower: 741 667 1 small tower
+stone shop: 1951 855 1 stone shop
+large house: 1003 2308 1 large house
+stone shop: 4832 3674 1 stone shop
+tower: 2269 915 1 tower
+tower: 3184 369 1 tower
+two story house: 1642 2677 1 two story house
+tower: 825 2386 1 tower
+tower: 1670 1387 1 tower
+sandstone patio: 217 1402 1 sandstone patio
+patio house: 2089 518 1 patio house
+villa: 1800 701 1 villa
+small tower: 1785 394 1 small tower
+villa: 4421 1435 1 villa
+keep: 849 2384 1 keep
+fortress: 5399 1239 1 fortress
+small tower: 2726 1119 1 small tower
+tower: 2228 643 1 tower
+marble shop: 1709 1196 1 marble shop
+two story house: 1978 2341 1 two story house
+log cabin: 2707 730 1 log cabin
+tower: 208 1389 1 tower
+log cabin: 2071 2098 1 log cabin
+tower: 1794 2297 1 tower
+small tower: 2948 479 1 small tower
+small tower: 4681 1120 1 small tower
+marble shop: 1781 2523 1 marble shop
+small tower: 1804 450 1 small tower
+small house: 1589 869 1 small house
+keep: 1865 261 1 keep
+marble shop: 781 721 1 marble shop
+small house: 2189 2168 1 small house
+sandstone patio: 4569 3168 1 sandstone patio
+villa: 1718 561 1 villa
+keep: 827 1893 1 keep
+marble shop: 2541 361 1 marble shop
+large house: 1793 2656 1 large house
+sandstone patio: 4055 295 1 sandstone patio
+log cabin: 820 440 1 log cabin
+fortress: 912 2456 1 fortress
+villa: 1859 961 1 villa
+sandstone patio: 1234 2503 1 sandstone patio
+villa: 800 1997 1 villa
+keep: 1896 217 1 keep
+small tower: 3071 753 1 small tower
+two story house: 2006 572 1 two story house
+tower: 2553 1248 1 tower
+two story house: 1716 466 1 two story house
+tower: 2061 1037 1 tower
+large house: 3056 567 1 large house
+tower: 1770 1137 1 tower
+sandstone patio: 2453 108 1 sandstone patio
+small tower: 1250 1992 1 small tower
+small tower: 2776 905 1 small tower
+tower: 4210 477 1 tower
+stone shop: 2699 1131 1 stone shop
+small house: 1925 2075 1 small house
+small tower: 2576 1251 1 small tower
+log cabin: 1371 1942 1 log cabin
+small tower: 1655 843 1 small tower
+small house: 1813 2516 1 small house
+marble shop: 2599 837 1 marble shop
+tower: 1195 717 1 tower
+stone shop: 1853 2958 1 stone shop
+tower: 1794 3005 1 tower
+sandstone patio: 1765 1115 1 sandstone patio
+log cabin: 907 2385 1 log cabin
+small house: 1765 2844 1 small house
+log cabin: 1059 2346 1 log cabin
+small house: 1229 762 1 small house
+marble shop: 758 790 1 marble shop
+villa: 2129 2312 1 villa
+small tower: 4580 3846 1 small tower
+small tower: 907 778 1 small tower
+stone shop: 841 1977 1 stone shop
+tower: 2060 2348 1 tower
+tower: 836 401 1 tower
+villa: 3269 98 1 villa
+small tower: 4609 1148 1 small tower
+villa: 1921 1113 1 villa
+log cabin: 1786 2759 1 log cabin
+tower: 3180 37 1 tower
+log cabin: 2249 413 1 log cabin
+log cabin: 1930 2126 1 log cabin
+small tower: 1858 2068 1 small tower
+sandstone patio: 770 676 1 sandstone patio
+small tower: 1377 524 1 small tower
+tower: 2648 156 1 tower
+small tower: 2752 732 1 small tower
+tower: 1165 2420 1 tower
+large house: 1601 1035 1 large house
+small tower: 2889 338 1 small tower
+marble shop: 1926 3432 1 marble shop
+small house: 1111 3141 1 small house
+marble patio: 3347 220 1 marble patio
+small house: 1348 1238 1 small house
+tower: 2164 2182 1 tower
+villa: 1907 2501 1 villa
+small tower: 4326 3781 1 small tower
+small house: 2743 292 1 small house
+small house: 2003 1402 1 small house
+tower: 924 2562 1 tower
+small house: 2587 700 1 small house
+small tower: 2376 1254 1 small tower
+keep: 2109 2384 1 keep
+small house: 949 2493 1 small house
+fortress: 2150 552 1 fortress
+keep: 1828 3113 1 keep
+log cabin: 970 2416 1 log cabin
+small tower: 837 832 1 small tower
+patio house: 4560 3852 1 patio house
+villa: 892 570 1 villa
+small tower: 825 840 1 small tower
+small tower: 2640 1192 1 small tower
+small tower: 2732 665 1 small tower
+fortress: 5438 1125 1 fortress
+tower: 2195 499 1 tower
+villa: 1075 813 1 villa
+tower: 3328 249 1 tower
+tower: 1922 188 1 tower
+small house: 1342 2814 1 small house
+sandstone patio: 2135 2791 1 sandstone patio
+tower: 2092 989 1 tower
+sandstone patio: 2346 952 1 sandstone patio
+patio house: 2144 709 1 patio house
+small house: 1173 3556 1 small house
+small house: 1315 1257 1 small house
+tower: 1782 2372 1 tower
+marble shop: 1511 2817 1 marble shop
+small tower: 2023 2023 1 small tower
+small tower: 744 796 1 small tower
+tower: 1870 1453 1 tower
+small house: 1355 2924 1 small house
+small tower: 4501 1344 1 small tower
+small tower: 1192 1479 1 small tower
+log cabin: 2132 1964 1 log cabin
+tower: 4736 3831 1 tower
+sandstone patio: 3177 93 1 sandstone patio
+small tower: 160 1492 1 small tower
+patio house: 3047 242 1 patio house
+two story house: 988 534 1 two story house
+villa: 2024 112 1 villa
+small tower: 1012 577 1 small tower
+log cabin: 2246 365 1 log cabin
+large house: 4695 3461 1 large house
+two story house: 2301 1162 1 two story house
+small tower: 2036 821 1 small tower
+small tower: 1692 1980 1 small tower
+small tower: 788 779 1 small tower
+villa: 2237 374 1 villa
+small house: 253 1019 1 small house
+stone shop: 1627 2349 1 stone shop
+villa: 775 794 1 villa
+patio house: 1916 1015 1 patio house
+log cabin: 4554 3577 1 log cabin
+tower: 911 852 1 tower
+small house: 2309 3482 1 small house
+tower: 1714 754 1 tower
+villa: 966 2169 1 villa
+fortress: 4220 692 1 fortress
+stone shop: 827 761 1 stone shop
+two story house: 2072 3569 1 two story house
+small tower: 813 832 1 small tower
+large house: 909 2365 1 large house
+large house: 2131 3387 1 large house
+marble shop: 1476 967 1 marble shop
+log cabin: 962 2596 1 log cabin
+small tower: 1813 3297 1 small tower
+small tower: 4651 1321 1 small tower
+small tower: 1155 2534 1 small tower
+log cabin: 2803 738 1 log cabin
+tower: 1884 3309 1 tower
+large house: 2470 164 1 large house
+small tower: 1201 3580 1 small tower
+small tower: 1388 3103 1 small tower
+tower: 2295 1026 1 tower
+tower: 1993 805 1 tower
+two story house: 2199 2149 1 two story house
+tower: 2006 3129 1 tower
+small tower: 2837 411 1 small tower
+small house: 4509 1449 1 small house
+marble shop: 1509 2860 1 marble shop
+tower: 1014 474 1 tower
+log cabin: 2517 163 1 log cabin
+large house: 1773 312 1 large house
+marble shop: 1068 1400 1 marble shop
+patio house: 1055 640 1 patio house
+small tower: 3018 3560 1 small tower
+keep: 2057 1082 1 keep
+small tower: 2170 564 1 small tower
+sandstone patio: 4594 3665 1 sandstone patio
+small house: 4633 1497 1 small house
+villa: 4235 509 1 villa
+marble shop: 2736 834 1 marble shop
+small tower: 1712 1977 1 small tower
+small tower: 884 2406 1 small tower
+tower: 3446 479 1 tower
+small house: 577 1296 1 small house
+two story house: 1214 2152 1 two story house
+villa: 2491 159 1 villa
+small house: 895 2376 1 small house
+marble shop: 3357 345 1 marble shop
+two story house: 4608 1283 1 two story house
+keep: 1860 2482 1 keep
+small tower: 2555 730 1 small tower
+small tower: 1370 3098 1 small tower
+villa: 2260 871 1 villa
+small tower: 1181 3587 1 small tower
+small tower: 1828 2238 1 small tower
+two story house: 887 546 1 two story house
+fortress: 4136 577 1 fortress
+tower: 2155 252 1 tower
+small tower: 170 1489 1 small tower
+tower: 2236 550 1 tower
+log cabin: 1538 1924 1 log cabin
+small tower: 2002 821 1 small tower
+small tower: 2322 1246 1 small tower
+tower: 1181 555 1 tower
+small tower: 2274 565 1 small tower
+small house: 3523 2566 1 small house
+fortress: 2820 508 1 fortress
+villa: 2947 503 1 villa
+log cabin: 3501 364 1 log cabin
+stone shop: 1472 2420 1 stone shop
+keep: 3955 391 1 keep
+tower: 866 607 1 tower
+villa: 1358 2907 1 villa
+small tower: 4636 1395 1 small tower
+tower: 770 1921 1 tower
+small tower: 1376 1414 1 small tower
+sandstone patio: 871 2239 1 sandstone patio
+villa: 1724 2210 1 villa
+villa: 1981 143 1 villa
+large house: 2525 207 1 large house
+villa: 1171 2539 1 villa
+keep: 2092 928 1 keep
+patio house: 4594 3853 1 patio house
+small tower: 1993 823 1 small tower
+tower: 1588 628 1 tower
+fortress: 2058 1262 1 fortress
+villa: 4758 3824 1 villa
+keep: 4135 605 1 keep
+keep: 1998 1125 1 keep
+small tower: 905 2188 1 small tower
+small tower: 4712 3826 1 small tower
+log cabin: 1518 1893 1 log cabin
+small tower: 1427 2922 1 small tower
+small tower: 4512 1347 1 small tower
+two story house: 2039 61 1 two story house
+fortress: 1616 743 1 fortress
+small tower: 2664 663 1 small tower
+small tower: 756 857 1 small tower
+log cabin: 1706 3205 1 log cabin
+marble patio: 1931 422 1 marble patio
+keep: 1951 179 1 keep
+small tower: 1996 845 1 small tower
+stone shop: 4594 3680 1 stone shop
+small house: 1117 2945 1 small house
+villa: 1507 2460 1 villa
+log cabin: 1496 1033 1 log cabin
+small tower: 2006 843 1 small tower
+two story house: 1310 1414 1 two story house
+small house: 3505 2580 1 small house
+keep: 2146 198 1 keep
+small tower: 964 1920 1 small tower
+villa: 2020 706 1 villa
+two story house: 1810 538 1 two story house
+stone shop: 1056 748 1 stone shop
+villa: 1128 530 1 villa
+small tower: 4827 3669 1 small tower
+villa: 2133 2338 1 villa
+villa: 1874 897 1 villa
+tower: 1511 2771 1 tower
+sandstone patio: 1853 799 1 sandstone patio
+tower: 1078 649 1 tower
+stone shop: 1068 2022 1 stone shop
+stone shop: 2212 469 1 stone shop
+marble shop: 889 2236 1 marble shop
+small house: 1659 2503 1 small house
+tower: 2040 841 1 tower
+small house: 1826 2515 1 small house
+small tower: 4469 1392 1 small tower
+patio house: 1973 167 1 patio house
+marble shop: 1796 2925 1 marble shop
+keep: 3921 306 1 keep
+small tower: 785 458 1 small tower
+villa: 1013 391 1 villa
+small house: 998 391 1 small house
+tower: 4114 312 1 tower
+patio house: 2221 858 1 patio house
+log cabin: 2829 449 1 log cabin
+villa: 2244 853 1 villa
+small house: 2465 826 1 small house
+tower: 1277 664 1 tower
+small tower: 2548 1264 1 small tower
+tower: 740 598 1 tower
+log cabin: 1576 1111 1 log cabin
+small tower: 2461 1085 1 small tower
+villa: 4528 3240 1 villa
+small tower: 1360 2600 1 small tower
+tower: 2557 75 1 tower
+tower: 1583 3050 1 tower
+patio house: 1008 614 1 patio house
+villa: 2243 526 1 villa
+tower: 1478 990 1 tower
+villa: 1893 1497 1 villa
+small tower: 2165 196 1 small tower
+small tower: 1700 2007 1 small tower
+small tower: 2829 2132 1 small tower
+sandstone patio: 2631 667 1 sandstone patio
+small tower: 1372 1918 1 small tower
+villa: 1619 2084 1 villa
+large house: 1953 1091 1 large house
+villa: 2570 960 1 villa
+small tower: 2466 120 1 small tower
+marble shop: 4561 3179 1 marble shop
+small tower: 1717 1995 1 small tower
+tower: 861 448 1 tower
+tower: 3939 237 1 tower
+tower: 4222 712 1 tower
+small house: 880 1903 1 small house
+keep: 1952 1216 1 keep
+patio house: 1969 1219 1 patio house
+large house: 2064 2126 1 large house
+stone shop: 2115 2395 1 stone shop
+small house: 2228 528 1 small house
+sandstone patio: 4087 353 1 sandstone patio
+fortress: 2019 3103 1 fortress
+villa: 2060 83 1 villa
+tower: 2025 557 1 tower
+patio house: 2127 2397 1 patio house
+tower: 866 2020 1 tower
+small tower: 895 2502 1 small tower
+villa: 1046 3207 1 villa
+villa: 1151 161 1 villa
+tower: 1884 1137 1 tower
+small house: 1811 443 1 small house
+small house: 862 1669 1 small house
+stone shop: 1236 1978 1 stone shop
+small tower: 1166 3584 1 small tower
+large house: 2006 935 1 large house
+log cabin: 1759 814 1 log cabin
+small tower: 2157 479 1 small tower
+tower: 1999 1060 1 tower
+villa: 811 559 1 villa
+marble patio: 1832 1029 1 marble patio
+marble shop: 2600 333 1 marble shop
+tower: 2115 49 1 tower
+marble shop: 1879 865 1 marble shop
+villa: 4222 496 1 villa
+villa: 2609 317 1 villa
+log cabin: 2150 3612 1 log cabin
+small house: 1745 1568 1 small house
+villa: 897 1901 1 villa
+stone shop: 2827 3496 1 stone shop
+large house: 2513 829 1 large house
+small tower: 4828 3689 1 small tower
+villa: 2643 1235 1 villa
+small tower: 2075 111 1 small tower
+two story house: 1517 221 1 two story house
+patio house: 2102 394 1 patio house
+small house: 744 574 1 small house
+sandstone patio: 1149 2874 1 sandstone patio
+tower: 1960 1505 1 tower
+marble shop: 3645 2854 1 marble shop
+tower: 955 558 1 tower
+stone shop: 1979 1491 1 stone shop
+two story house: 831 586 1 two story house
+tower: 4202 454 1 tower
+tower: 841 436 1 tower
+two story house: 1930 2200 1 two story house
+small tower: 2995 308 1 small tower
+stone shop: 2587 347 1 stone shop
+small tower: 1675 1497 1 small tower
+stone shop: 2361 3531 1 stone shop
+sandstone patio: 1041 2476 1 sandstone patio
+small tower: 831 2337 1 small tower
+villa: 1430 2673 1 villa
+marble shop: 1117 2670 1 marble shop
+small house: 1835 2516 1 small house
+large house: 1973 1036 1 large house
+marble shop: 2135 3591 1 marble shop
+small house: 1676 3570 1 small house
+small tower: 726 819 1 small tower
+sandstone patio: 2735 905 1 sandstone patio
+large house: 845 1720 1 large house
+patio house: 2528 284 1 patio house
+large house: 1472 846 1 large house
+villa: 845 344 1 villa
+small tower: 1478 1402 1 small tower
+sandstone patio: 2532 73 1 sandstone patio
+small tower: 1932 3132 1 small tower
+villa: 1557 1255 1 villa
+small tower: 1937 2213 1 small tower
+small tower: 661 1513 1 small tower
+marble shop: 4381 1255 1 marble shop
+tower: 801 456 1 tower
+stone shop: 1804 2940 1 stone shop
+tower: 2134 236 1 tower
+small tower: 1427 2098 1 small tower
+small tower: 4349 987 1 small tower
+sandstone patio: 2517 75 1 sandstone patio
+tower: 1801 2534 1 tower
+small tower: 4597 1279 1 small tower
+villa: 2432 199 1 villa
+tower: 2067 779 1 tower
+marble shop: 2767 834 1 marble shop
+small tower: 2880 581 1 small tower
+keep: 4115 344 1 keep
+small tower: 3975 257 1 small tower
+small house: 1638 2963 1 small house
+small tower: 2823 3468 1 small tower
+tower: 1273 539 1 tower
+two story house: 889 2201 1 two story house
+stone shop: 4410 1241 1 stone shop
+small tower: 2128 129 1 small tower
+marble patio: 2297 1225 1 marble patio
+patio house: 2813 467 1 patio house
+small house: 681 888 1 small house
+tower: 2975 464 1 tower
+small tower: 4642 1219 1 small tower
+two story house: 2171 2125 1 two story house
+small house: 1562 2094 1 small house
+small tower: 1913 2323 1 small tower
+tower: 1919 952 1 tower
+small tower: 2284 1081 1 small tower
+small tower: 852 604 1 small tower
+stone shop: 1387 1943 1 stone shop
+log cabin: 1294 1274 1 log cabin
+tower: 1802 2466 1 tower
+small house: 2963 3631 1 small house
+small tower: 1731 3010 1 small tower
+tower: 3199 269 1 tower
+small house: 733 1518 1 small house
+villa: 4842 3585 1 villa
+tower: 1415 1156 1 tower
+marble shop: 4487 1296 1 marble shop
+small tower: 3186 78 1 small tower
+villa: 2135 707 1 villa
+tower: 1052 1390 1 tower
+small house: 2010 1212 1 small house
+log cabin: 1762 1411 1 log cabin
+villa: 1535 2020 1 villa
+patio house: 3456 314 1 patio house
+tower: 1151 2897 1 tower
+marble shop: 1520 2795 1 marble shop
+tower: 1278 1485 1 tower
+fortress: 2151 804 1 fortress
+stone shop: 3351 370 1 stone shop
+log cabin: 827 687 1 log cabin
+small house: 1339 874 1 small house
+patio house: 2907 115 1 patio house
+villa: 1439 746 1 villa
+patio house: 1916 214 1 patio house
+large house: 2266 1074 1 large house
+two story house: 1279 782 1 two story house
+sandstone patio: 1071 2006 1 sandstone patio
+sandstone patio: 1823 2559 1 sandstone patio
+small tower: 1721 2979 1 small tower
+small house: 1577 865 1 small house
+small house: 2744 353 1 small house
+log cabin: 729 1994 1 log cabin
+small tower: 1660 3373 1 small tower
+large house: 2843 498 1 large house
+keep: 1828 2544 1 keep
+small tower: 1598 1353 1 small tower
+villa: 2969 317 1 villa
+sandstone patio: 2144 2286 1 sandstone patio
+small tower: 2480 3557 1 small tower
+small tower: 4321 1176 1 small tower
+patio house: 844 1920 1 patio house
+small tower: 2277 885 1 small tower
+small tower: 1245 640 1 small tower
+sandstone patio: 1622 839 1 sandstone patio
+small tower: 1257 165 1 small tower
+log cabin: 2179 3412 1 log cabin
+sandstone patio: 2451 833 1 sandstone patio
+tower: 1075 2518 1 tower
+small house: 617 1491 1 small house
+villa: 813 669 1 villa
+small house: 1928 168 1 small house
+tower: 3262 634 1 tower
+sandstone patio: 1891 2314 1 sandstone patio
+marble shop: 3709 2505 1 marble shop
+two story house: 2872 52 1 two story house
+stone shop: 1713 2962 1 stone shop
+small tower: 1576 3102 1 small tower
+marble shop: 1891 914 1 marble shop
+small house: 2884 428 1 small house
+marble shop: 1851 912 1 marble shop
+small house: 1342 2796 1 small house
+log cabin: 3574 1242 1 log cabin
+small tower: 1791 2883 1 small tower
+tower: 2235 778 1 tower
+villa: 2105 2067 1 villa
+large house: 1671 3117 1 large house
+sandstone patio: 1853 840 1 sandstone patio
+tower: 1578 651 1 tower
+stone shop: 4043 302 1 stone shop
+marble shop: 4516 3538 1 marble shop
+villa: 1280 1365 1 villa
+patio house: 1134 2768 1 patio house
+large house: 2528 829 1 large house
+small tower: 621 1305 1 small tower
+small tower: 2328 750 1 small tower
+two story house: 1623 1064 1 two story house
+marble patio: 1915 534 1 marble patio
+tower: 1727 1203 1 tower
+small tower: 1688 3369 1 small tower
+sandstone patio: 1462 2221 1 sandstone patio
+tower: 1619 2120 1 tower
+small tower: 1037 2611 1 small tower
+small house: 1416 216 1 small house
+small house: 829 2202 1 small house
+log cabin: 3031 3586 1 log cabin
+tower: 4388 3201 1 tower
+sandstone patio: 827 702 1 sandstone patio
+keep: 1655 571 1 keep
+keep: 4164 597 1 keep
+small tower: 884 606 1 small tower
+small tower: 1887 1557 1 small tower
+small tower: 4501 1443 1 small tower
+marble patio: 2795 756 1 marble patio
+small tower: 4676 1158 1 small tower
+villa: 1336 227 1 villa
+small tower: 1742 1186 1 small tower
+small house: 1617 1389 1 small house
+patio house: 2003 2339 1 patio house
+marble shop: 2273 428 1 marble shop
+small tower: 1504 1875 1 small tower
+sandstone patio: 4567 1157 1 sandstone patio
+stone shop: 2876 594 1 stone shop
+marble shop: 781 689 1 marble shop
+log cabin: 1465 2450 1 log cabin
+two story house: 1898 1542 1 two story house
+keep: 2620 140 1 keep
+villa: 2278 964 1 villa
+small house: 964 2562 1 small house
+tower: 2089 1286 1 tower
+log cabin: 4763 3496 1 log cabin
+large house: 4094 638 1 large house
+tower: 1766 402 1 tower
+small tower: 1157 956 1 small tower
+keep: 988 562 1 keep
+large house: 2649 1153 1 large house
+small house: 678 874 1 small house
+small tower: 4053 568 1 small tower
+marble shop: 960 2341 1 marble shop
+marble shop: 4401 1266 1 marble shop
+two story house: 990 661 1 two story house
+small house: 418 1311 1 small house
+stone shop: 4654 3645 1 stone shop
+castle: 1999 1166 1 castle
+tower: 2126 2296 1 tower
+sandstone patio: 1167 2874 1 sandstone patio
+small tower: 2764 768 1 small tower
+small tower: 2566 182 1 small tower
+villa: 1169 299 1 villa
+small house: 3339 543 1 small house
+marble shop: 2628 882 1 marble shop
+small tower: 1776 2721 1 small tower
+marble shop: 4572 3303 1 marble shop
+tower: 4163 570 1 tower
+log cabin: 715 1076 1 log cabin
+small tower: 892 2215 1 small tower
+log cabin: 1367 1437 1 log cabin
+small tower: 1840 1541 1 small tower
+villa: 1799 663 1 villa
+large house: 1502 2332 1 large house
+sandstone patio: 4237 529 1 sandstone patio
+tower: 2025 1071 1 tower
+tower: 3165 76 1 tower
+stone shop: 1508 2843 1 stone shop
+small tower: 2596 288 1 small tower
+marble shop: 1901 843 1 marble shop
+marble shop: 1012 2074 1 marble shop
+log cabin: 1150 3519 1 log cabin
+small tower: 788 829 1 small tower
+small house: 1784 2859 1 small house
+marble patio: 1836 2231 1 marble patio
+small house: 1061 1201 1 small house
+tower: 1690 754 1 tower
+small house: 1045 1407 1 small house
+patio house: 2078 1047 1 patio house
+stone shop: 1085 2124 1 stone shop
+marble shop: 781 763 1 marble shop
+stone shop: 1833 2959 1 stone shop
+marble shop: 3585 2586 1 marble shop
+tower: 2108 132 1 tower
+keep: 1778 2481 1 keep
+two story house: 700 721 1 two story house
+small tower: 3420 648 1 small tower
+marble shop: 737 780 1 marble shop
+villa: 3135 172 1 villa
+sandstone patio: 4044 505 1 sandstone patio
+small tower: 901 2515 1 small tower
+small tower: 2119 2764 1 small tower
+large house: 792 478 1 large house
+stone shop: 763 852 1 stone shop
+small tower: 4451 3951 1 small tower
+tower: 1802 2172 1 tower
+fortress: 2051 3118 1 fortress
+small house: 1353 853 1 small house
+marble shop: 1031 1359 1 marble shop
+small house: 421 1333 1 small house
+log cabin: 2992 411 1 log cabin
+small tower: 718 848 1 small tower
+stone shop: 2619 916 1 stone shop
+large house: 716 1949 1 large house
+tower: 1896 2335 1 tower
+log cabin: 1786 2717 1 log cabin
+small house: 1369 2773 1 small house
+villa: 4801 3732 1 villa
+small tower: 4564 1120 1 small tower
+tower: 2078 3102 1 tower
+keep: 4185 391 1 keep
+marble shop: 4422 1342 1 marble shop
+small tower: 1124 154 1 small tower
+log cabin: 2606 1167 1 log cabin
+marble shop: 2424 1092 1 marble shop
+sandstone patio: 1720 2449 1 sandstone patio
+stone shop: 1832 2917 1 stone shop
+tower: 1852 3113 1 tower
+small house: 914 2309 1 small house
+keep: 1827 2502 1 keep
+villa: 930 441 1 villa
+log cabin: 1022 2575 1 log cabin
+patio house: 2270 951 1 patio house
+small tower: 1470 272 1 small tower
+stone shop: 1808 2996 1 stone shop
+log cabin: 1590 2686 1 log cabin
+villa: 3202 242 1 villa
+log cabin: 706 1076 1 log cabin
+two story house: 1131 2877 1 two story house
+villa: 812 2142 1 villa
+large house: 863 2263 1 large house
+small tower: 4586 3318 1 small tower
+small tower: 736 847 1 small tower
+small house: 1956 1520 1 small house
+tower: 1681 3291 1 tower
+small tower: 4344 1128 1 small tower
+tower: 1136 2992 1 tower
+small house: 1052 1154 1 small house
+stone shop: 2690 632 1 stone shop
+keep: 2017 2312 1 keep
+small house: 1304 1264 1 small house
+small house: 766 1095 1 small house
+small tower: 2637 53 1 small tower
+stone shop: 4823 3714 1 stone shop
+villa: 3479 160 1 villa
+small tower: 1385 755 1 small tower
+small house: 660 885 1 small house
+small tower: 2562 306 1 small tower
+keep: 2750 1023 1 keep
+small tower: 2716 564 1 small tower
+villa: 1388 2637 1 villa
+villa: 3595 2508 1 villa
+small tower: 4441 3550 1 small tower
+patio house: 1968 1096 1 patio house
+small house: 1934 3398 1 small house
+small tower: 885 2372 1 small tower
+keep: 2039 414 1 keep
+log cabin: 2306 1109 1 log cabin
+small tower: 716 1046 1 small tower
+small tower: 3573 2496 1 small tower
+villa: 1071 2122 1 villa
+keep: 2509 104 1 keep
+sandstone patio: 4507 1270 1 sandstone patio
+keep: 1660 760 1 keep
+small tower: 2020 423 1 small tower
+sandstone patio: 2544 830 1 sandstone patio
+keep: 1793 2511 1 keep
+small tower: 2697 142 1 small tower
+small tower: 2121 3152 1 small tower
+small tower: 4515 919 1 small tower
+log cabin: 1795 2945 1 log cabin
+marble patio: 2456 138 1 marble patio
+small tower: 933 404 1 small tower
+keep: 2723 1023 1 keep
+tower: 1309 1969 1 tower
+small tower: 1964 555 1 small tower
+small tower: 1443 2680 1 small tower
+marble shop: 3886 232 1 marble shop
+small tower: 4613 1352 1 small tower
+villa: 1495 905 1 villa
+marble patio: 5347 2009 1 marble patio
+villa: 708 1002 1 villa
+small tower: 964 1937 1 small tower
+small tower: 868 774 1 small tower
+small house: 1437 1260 1 small house
+log cabin: 2307 1132 1 log cabin
+tower: 1487 1012 1 tower
+small house: 704 1030 1 small house
+large house: 1187 518 1 large house
+tower: 2153 949 1 tower
+tower: 1798 3134 1 tower
+large house: 1979 1076 1 large house
+small tower: 3429 661 1 small tower
+log cabin: 4752 3490 1 log cabin
+stone shop: 1359 801 1 stone shop
+small tower: 1812 2445 1 small tower
+villa: 4613 3270 1 villa
+large house: 2117 3442 1 large house
+small tower: 868 1933 1 small tower
+villa: 2773 1011 1 villa
+large house: 957 2309 1 large house
+small tower: 1453 1910 1 small tower
+small tower: 2332 943 1 small tower
+marble shop: 4589 1209 1 marble shop
+marble shop: 765 813 1 marble shop
+small tower: 2324 666 1 small tower
+small tower: 1714 582 1 small tower
+sandstone patio: 2664 344 1 sandstone patio
+small house: 2623 870 1 small house
+tower: 1394 1363 1 tower
+tower: 1615 1114 1 tower
+two story house: 2136 2092 1 two story house
+log cabin: 1343 408 1 log cabin
+small house: 2649 395 1 small house
+small house: 534 1275 1 small house
+small house: 2499 819 1 small house
+marble shop: 3476 536 1 marble shop
+marble patio: 3146 568 1 marble patio
+small tower: 748 1120 1 small tower
+log cabin: 1714 434 1 log cabin
+small tower: 1541 1887 1 small tower
+small tower: 520 1578 1 small tower
+tower: 1331 1354 1 tower
+small house: 1091 2713 1 small house
+marble patio: 4696 3584 1 marble patio
+marble shop: 1505 2830 1 marble shop
+tower: 1935 551 1 tower
+patio house: 1588 1012 1 patio house
+small house: 1250 1425 1 small house
+small tower: 1860 1086 1 small tower
+tower: 4736 3471 1 tower
+small tower: 859 2345 1 small tower
+villa: 1969 972 1 villa
+two story house: 2136 2070 1 two story house
+log cabin: 2086 2076 1 log cabin
+small tower: 2108 1236 1 small tower
+small tower: 1181 1504 1 small tower
+log cabin: 1662 840 1 log cabin
+marble shop: 4645 3671 1 marble shop
+tower: 2555 1222 1 tower
+tower: 4777 3772 1 tower
+patio house: 1980 996 1 patio house
+small house: 1750 2830 1 small house
+tower: 4347 3742 1 tower
+tower: 2042 2157 1 tower
+small house: 2570 700 1 small house
+small house: 2048 959 1 small house
+small house: 1625 3551 1 small house
+small tower: 2058 417 1 small tower
+marble shop: 1487 1128 1 marble shop
+small tower: 3923 479 1 small tower
+stone shop: 763 715 1 stone shop
+small house: 3372 191 1 small house
+small tower: 2417 933 1 small tower
+small tower: 1409 2017 1 small tower
+patio house: 2344 878 1 patio house
+marble shop: 1409 1963 1 marble shop
+two story house: 4448 3245 1 two story house
+small house: 1643 698 1 small house
+marble shop: 2435 1057 1 marble shop
+marble shop: 4383 1206 1 marble shop
+tower: 1032 2514 1 tower
+large house: 2069 840 1 large house
+log cabin: 1337 428 1 log cabin
+small tower: 4131 358 1 small tower
+villa: 1908 517 1 villa
+small tower: 1830 1121 1 small tower
+patio house: 2034 999 1 patio house
+tower: 1978 555 1 tower
+two story house: 3058 270 1 two story house
+sandstone patio: 4103 557 1 sandstone patio
+marble shop: 4649 1161 1 marble shop
+small house: 4545 1216 1 small house
+small house: 4389 1244 1 small house
+marble shop: 4575 3117 1 marble shop
+patio house: 4037 293 1 patio house
+two story house: 2345 167 1 two story house
+small house: 4252 3725 1 small house
+villa: 985 1007 1 villa
+log cabin: 927 485 1 log cabin
+large house: 2263 590 1 large house
+castle: 1838 1099 1 castle
+two story house: 1795 3072 1 two story house
+log cabin: 2358 1191 1 log cabin
+small house: 3551 2528 1 small house
+sandstone patio: 2614 112 1 sandstone patio
+marble shop: 4608 3832 1 marble shop
+tower: 981 2303 1 tower
+villa: 939 462 1 villa
+small tower: 2768 720 1 small tower
+log cabin: 994 2143 1 log cabin
+small tower: 4592 1145 1 small tower
+villa: 2319 876 1 villa
+small tower: 2560 1200 1 small tower
+sandstone patio: 4622 1444 1 sandstone patio
+stone shop: 1844 2931 1 stone shop
+two story house: 1743 617 1 two story house
+tower: 970 838 1 tower
+tower: 2564 115 1 tower
+keep: 1958 1006 1 keep
+marble shop: 1875 849 1 marble shop
+marble shop: 3933 486 1 marble shop
+small house: 1530 1888 1 small house
+small tower: 2357 182 1 small tower
+villa: 1706 2637 1 villa
+villa: 911 2037 1 villa
+small house: 2345 568 1 small house
+small tower: 1888 468 1 small tower
+small tower: 2005 630 1 small tower
+small house: 1453 2206 1 small house
+marble shop: 1820 846 1 marble shop
+small house: 1611 845 1 small house
+small tower: 1244 2985 1 small tower
+villa: 2428 823 1 villa
+sandstone patio: 3357 202 1 sandstone patio
+small tower: 2733 630 1 small tower
+log cabin: 1359 551 1 log cabin
+villa: 2955 53 1 villa
+marble shop: 815 765 1 marble shop
+marble shop: 4569 3222 1 marble shop
+small house: 2352 3434 1 small house
+log cabin: 1639 747 1 log cabin
+keep: 1958 1145 1 keep
+marble shop: 2552 762 1 marble shop
+log cabin: 4638 1458 1 log cabin
+patio house: 3990 587 1 patio house
+villa: 1430 396 1 villa
+villa: 909 2252 1 villa
+small tower: 2146 766 1 small tower
+small tower: 729 1305 1 small tower
+small tower: 1625 756 1 small tower
+tower: 1793 3028 1 tower
+small house: 1374 508 1 small house
+small house: 1119 2515 1 small house
+large house: 2332 879 1 large house
+small house: 1583 1250 1 small house
+small house: 1333 888 1 small house
+small tower: 2788 3510 1 small tower
+marble shop: 1427 2942 1 marble shop
+tower: 2810 391 1 tower
+small tower: 1211 1029 1 small tower
+marble shop: 1930 1204 1 marble shop
+stone shop: 1500 2605 1 stone shop
+tower: 1807 2353 1 tower
+tower: 1835 2359 1 tower
+small house: 749 660 1 small house
+small tower: 1355 2128 1 small tower
+small tower: 2620 676 1 small tower
+tower: 1886 512 1 tower
+keep: 771 1896 1 keep
+two story house: 1646 725 1 two story house
+villa: 1540 2465 1 villa
+small tower: 2306 1039 1 small tower
+small tower: 2007 1366 1 small tower
+villa: 1791 2805 1 villa
+villa: 716 681 1 villa
+sandstone patio: 2974 572 1 sandstone patio
+villa: 1202 333 1 villa
+marble shop: 719 1374 1 marble shop
+stone shop: 2823 337 1 stone shop
+small tower: 1349 2002 1 small tower
+small tower: 3188 189 1 small tower
+tower: 1937 3115 1 tower
+log cabin: 822 374 1 log cabin
+stone shop: 2557 319 1 stone shop
+small tower: 2011 789 1 small tower
+stone shop: 4607 3308 1 stone shop
+two story house: 4411 3348 1 two story house
+villa: 2111 2684 1 villa
+small tower: 1564 2060 1 small tower
+stone shop: 3035 321 1 stone shop
+small tower: 1741 1452 1 small tower
+small house: 2650 1255 1 small house
+small tower: 4355 1225 1 small tower
+villa: 1763 420 1 villa
+villa: 1575 2232 1 villa
+tower: 1961 3406 1 tower
+tower: 1892 453 1 tower
+small house: 2050 871 1 small house
+marble shop: 2573 71 1 marble shop
+small tower: 2844 334 1 small tower
+marble shop: 4429 1284 1 marble shop
+tower: 1189 2898 1 tower
+tower: 1853 3296 1 tower
+marble shop: 3929 203 1 marble shop
+villa: 3139 384 1 villa
+marble shop: 1877 827 1 marble shop
+sandstone patio: 2099 106 1 sandstone patio
+marble shop: 2626 106 1 marble shop
+fortress: 2131 884 1 fortress
+small tower: 1188 2148 1 small tower
+small tower: 4552 1156 1 small tower
+small tower: 832 1944 1 small tower
+patio house: 2116 2075 1 patio house
+two story house: 2063 3304 1 two story house
+patio house: 4626 3689 1 patio house
+small house: 4695 1154 1 small house
+tower: 1687 1417 1 tower
+small tower: 2943 58 1 small tower
+small house: 997 1801 1 small house
+villa: 3371 590 1 villa
+small house: 4583 1170 1 small house
+log cabin: 1203 265 1 log cabin
+log cabin: 1909 453 1 log cabin
+tower: 1598 573 1 tower
+sandstone patio: 944 1020 1 sandstone patio
+small tower: 912 2015 1 small tower
+log cabin: 871 465 1 log cabin
+sandstone patio: 4458 1236 1 sandstone patio
+log cabin: 2047 1982 1 log cabin
+tower: 924 424 1 tower
+small tower: 1231 913 1 small tower
+small house: 733 817 1 small house
+small tower: 708 799 1 small tower
+marble patio: 798 1012 1 marble patio
+patio house: 2068 2280 1 patio house
+small tower: 2614 155 1 small tower
+stone shop: 1403 808 1 stone shop
+stone shop: 1386 512 1 stone shop
+small tower: 633 758 1 small tower
+small tower: 1196 2068 1 small tower
+villa: 1655 3546 1 villa
+marble shop: 4821 3575 1 marble shop
+marble patio: 3023 277 1 marble patio
+small tower: 1460 175 1 small tower
+small house: 2605 935 1 small house
+tower: 1534 1945 1 tower
+log cabin: 2171 802 1 log cabin
+small tower: 1336 523 1 small tower
+small house: 807 2393 1 small house
+log cabin: 3290 707 1 log cabin
+marble shop: 2447 1158 1 marble shop
+log cabin: 819 2310 1 log cabin
+villa: 3491 349 1 villa
+log cabin: 2556 1183 1 log cabin
+tower: 2089 1241 1 tower
+small tower: 2428 1165 1 small tower
+keep: 1887 3127 1 keep
+small tower: 2122 827 1 small tower
+two story house: 3466 147 1 two story house
+two story house: 2858 334 1 two story house
+villa: 919 1884 1 villa
+two story house: 2925 309 1 two story house
+sandstone patio: 750 904 1 sandstone patio
+small tower: 2410 758 1 small tower
+patio house: 4824 3656 1 patio house
+sandstone patio: 2121 107 1 sandstone patio
+two story house: 2339 789 1 two story house
+small house: 2487 819 1 small house
+patio house: 2081 1027 1 patio house
+small tower: 812 2311 1 small tower
+villa: 2048 3075 1 villa
+sandstone patio: 2638 634 1 sandstone patio
+log cabin: 1942 802 1 log cabin
+small tower: 2787 502 1 small tower
+small tower: 728 834 1 small tower
+small house: 881 497 1 small house
+marble patio: 2152 3119 1 marble patio
+small house: 4409 3185 1 small house
+log cabin: 1003 1321 1 log cabin
+small tower: 876 480 1 small tower
+villa: 937 2436 1 villa
+small tower: 2809 1007 1 small tower
+marble shop: 1953 826 1 marble shop
+marble shop: 1889 958 1 marble shop
+small tower: 997 1688 1 small tower
+small tower: 1203 2566 1 small tower
+small house: 780 923 1 small house
+large house: 1880 2472 1 large house
+tower: 1856 2986 1 tower
+small tower: 937 391 1 small tower
+stone shop: 1366 493 1 stone shop
+large house: 4493 1210 1 large house
+small tower: 805 1978 1 small tower
+small house: 2145 216 1 small house
+villa: 5810 1052 1 villa
+tower: 2019 628 1 tower
+small tower: 2216 3359 1 small tower
+small house: 2815 2115 1 small house
+stone shop: 667 742 1 stone shop
+marble shop: 1643 1368 1 marble shop
+small tower: 824 2125 1 small tower
+log cabin: 1994 644 1 log cabin
+small tower: 3704 2707 1 small tower
+villa: 729 717 1 villa
+marble shop: 4600 3320 1 marble shop
+tower: 3022 549 1 tower
+small tower: 1031 402 1 small tower
+patio house: 1934 1008 1 patio house
+small tower: 832 357 1 small tower
+villa: 1844 2998 1 villa
+small house: 3581 2518 1 small house
+small tower: 1353 504 1 small tower
+small tower: 884 1995 1 small tower
+villa: 4365 3778 1 villa
+two story house: 2449 1265 1 two story house
+fortress: 2147 748 1 fortress
+villa: 1068 1359 1 villa
+small tower: 3529 1202 1 small tower
+small tower: 4635 1373 1 small tower
+small tower: 2016 130 1 small tower
+keep: 1231 441 1 keep
+small tower: 2098 3215 1 small tower
+small tower: 1523 3257 1 small tower
+small tower: 1925 2975 1 small tower
+marble shop: 1129 2665 1 marble shop
+small house: 1664 3568 1 small house
+marble shop: 663 726 1 marble shop
+villa: 3008 3595 1 villa
+stone shop: 3558 1217 1 stone shop
+small tower: 2627 155 1 small tower
+large house: 2280 1102 1 large house
+two story house: 2056 2197 1 two story house
+two story house: 1477 3063 1 two story house
+patio house: 2052 2176 1 patio house
+small tower: 1590 673 1 small tower
+small tower: 3551 1220 1 small tower
+log cabin: 619 1468 1 log cabin
+marble shop: 2115 181 1 marble shop
+small tower: 2210 3345 1 small tower
+small house: 2740 339 1 small house
+log cabin: 2222 3406 1 log cabin
+sandstone patio: 960 1015 1 sandstone patio
+marble shop: 800 732 1 marble shop
+small tower: 2164 3420 1 small tower
+small tower: 2864 64 1 small tower
+small tower: 1526 3015 1 small tower
+marble shop: 1903 886 1 marble shop
+villa: 1576 683 1 villa
+two story house: 2660 414 1 two story house
+villa: 1739 2729 1 villa
+small tower: 4596 1164 1 small tower
+villa: 1637 3024 1 villa
+tower: 2094 417 1 tower
+small house: 1291 2073 1 small house
+small tower: 999 2014 1 small tower
+marble shop: 3562 1230 1 marble shop
+tower: 2779 1043 1 tower
+stone shop: 3009 176 1 stone shop
+villa: 1545 661 1 villa
+tower: 3449 133 1 tower
+small house: 2964 482 1 small house
+small tower: 2573 685 1 small tower
+small tower: 2957 479 1 small tower
+small tower: 1197 2776 1 small tower
+marble shop: 1044 1749 1 marble shop
+sandstone patio: 1392 755 1 sandstone patio
+sandstone patio: 2604 75 1 sandstone patio
+sandstone patio: 1487 1876 1 sandstone patio
+log cabin: 1278 1423 1 log cabin
+small tower: 1227 2814 1 small tower
+stone shop: 2866 571 1 stone shop
+stone shop: 2219 908 1 stone shop
+marble patio: 1851 1028 1 marble patio
+keep: 945 1935 1 keep
+marble shop: 4635 3838 1 marble shop
+stone shop: 4434 1312 1 stone shop
+small tower: 716 831 1 small tower
+small tower: 1197 2790 1 small tower
+villa: 1088 3191 1 villa
+small house: 1189 916 1 small house
+small tower: 1727 577 1 small tower
+villa: 4567 3276 1 villa
+marble patio: 1673 555 1 marble patio
+villa: 1495 922 1 villa
+log cabin: 974 2377 1 log cabin
+small house: 846 717 1 small house
+villa: 2647 378 1 villa
+small house: 1890 2991 1 small house
+small house: 1084 624 1 small house
+villa: 2363 1247 1 villa
+two story house: 1162 2822 1 two story house
+small tower: 1644 265 1 small tower
+villa: 849 2007 1 villa
+small tower: 3054 597 1 small tower
+stone shop: 4590 3316 1 stone shop
+villa: 3163 37 1 villa
+sandstone patio: 1741 3126 1 sandstone patio
+marble shop: 4590 3257 1 marble shop
+small house: 1205 2133 1 small house
+small house: 1289 642 1 small house
+tower: 1259 640 1 tower
+small tower: 4724 3710 1 small tower
+stone shop: 1429 795 1 stone shop
+small house: 2084 3219 1 small house
+large house: 2071 3232 1 large house
+patio house: 750 1813 1 patio house
+small house: 4835 3702 1 small house
+small house: 2075 3209 1 small house
+stone shop: 2077 3305 1 stone shop
+log cabin: 775 876 1 log cabin
+small tower: 1377 1360 1 small tower
+log cabin: 1279 1526 1 log cabin
+small tower: 838 1965 1 small tower
+small tower: 1640 1464 1 small tower
+stone shop: 2402 649 1 stone shop
+small tower: 1040 395 1 small tower
+marble shop: 1445 2959 1 marble shop
+small tower: 822 1965 1 small tower
+small tower: 1371 748 1 small tower
+small tower: 2520 1156 1 small tower
+small tower: 2528 1263 1 small tower
+small tower: 2409 1261 1 small tower
+small tower: 5419 1125 1 small tower
+stone shop: 1882 2966 1 stone shop
+small house: 1801 1513 1 small house
+two story house: 1764 1028 1 two story house
+small tower: 1437 2262 1 small tower
+small tower: 1406 1104 1 small tower
+villa: 1685 2412 1 villa
+stone shop: 2275 414 1 stone shop
+marble shop: 4179 604 1 marble shop
+tower: 4187 631 1 tower
+large house: 1761 3497 1 large house
+small tower: 2853 536 1 small tower
+small house: 1705 2358 1 small house
+villa: 1811 1554 1 villa
+small house: 1191 2651 1 small house
+small tower: 851 415 1 small tower
+villa: 915 816 1 villa
+log cabin: 699 678 1 log cabin
+small house: 4509 1204 1 small house
+small house: 1485 1035 1 small house
+small house: 1154 2782 1 small house
+small tower: 1277 640 1 small tower
+stone shop: 1921 883 1 stone shop
+marble shop: 4587 3341 1 marble shop
+tower: 1659 266 1 tower
+small house: 843 759 1 small house
+small tower: 1745 567 1 small tower
+keep: 2790 1021 1 keep
+small house: 865 2276 1 small house
+small tower: 1156 2796 1 small tower
+log cabin: 1699 2916 1 log cabin
+small house: 1152 2767 1 small house
+log cabin: 1676 3383 1 log cabin
+small tower: 851 617 1 small tower
+patio house: 2040 545 1 patio house
+villa: 1779 696 1 villa
+stone shop: 2403 1240 1 stone shop
+small house: 1311 674 1 small house
+small tower: 2809 1020 1 small tower
+marble shop: 1889 856 1 marble shop
+tower: 1711 3179 1 tower
+marble shop: 1081 1993 1 marble shop
+tower: 1800 2195 1 tower
+villa: 1327 657 1 villa
+stone shop: 2369 1230 1 stone shop
+marble shop: 4612 3760 1 marble shop
+log cabin: 1452 2984 1 log cabin
+stone shop: 1298 676 1 stone shop
+villa: 1123 2731 1 villa
+small house: 697 1485 1 small house
+sandstone patio: 1575 961 1 sandstone patio
+small house: 872 2415 1 small house
+villa: 3379 245 1 villa
+large house: 1978 1128 1 large house
+small tower: 2708 708 1 small tower
+marble shop: 773 728 1 marble shop
+log cabin: 1769 1048 1 log cabin
+villa: 2815 299 1 villa
+stone shop: 4616 3851 1 stone shop
+small house: 891 825 1 small house
+small house: 1607 3470 1 small house
+two story house: 4393 3783 1 two story house
+log cabin: 1589 2975 1 log cabin
+two story house: 1544 631 1 two story house
+villa: 1418 2532 1 villa
+villa: 1891 482 1 villa
+small house: 2345 1248 1 small house
+villa: 3997 190 1 villa
+log cabin: 1003 2115 1 log cabin
+two story house: 2883 188 1 two story house
+marble shop: 1960 859 1 marble shop
+marble shop: 679 858 1 marble shop
+tower: 4775 3809 1 tower
+small house: 799 847 1 small house
+two story house: 2735 325 1 two story house
+small tower: 2847 406 1 small tower
+log cabin: 1123 3123 1 log cabin
+small tower: 3152 781 1 small tower
+sandstone patio: 2503 75 1 sandstone patio
+small house: 1933 872 1 small house
+stone shop: 2311 853 1 stone shop
+villa: 1056 1299 1 villa
+small tower: 1712 2344 1 small tower
+villa: 1009 738 1 villa
+tower: 1751 455 1 tower
+log cabin: 3171 753 1 log cabin
+two story house: 947 2563 1 two story house
+villa: 2065 1220 1 villa
+small tower: 513 1633 1 small tower
+small tower: 970 998 1 small tower
+small tower: 1961 3071 1 small tower
+villa: 5419 1111 1 villa
+log cabin: 4342 3716 1 log cabin
+tower: 707 659 1 tower
+small tower: 1698 722 1 small tower
+log cabin: 2164 704 1 log cabin
+stone shop: 1469 1889 1 stone shop
+tower: 2011 875 1 tower
+villa: 881 810 1 villa
+tower: 2026 590 1 tower
+log cabin: 3998 606 1 log cabin
+marble shop: 1081 1227 1 marble shop
+small house: 1878 1421 1 small house
+small house: 2250 535 1 small house
+stone shop: 1872 2604 1 stone shop
+sandstone patio: 2495 1264 1 sandstone patio
+stone shop: 2359 1231 1 stone shop
+small house: 1363 257 1 small house
+small house: 2742 305 1 small house
+small house: 957 966 1 small house
+villa: 1613 1048 1 villa
+small tower: 1577 1911 1 small tower
+sandstone patio: 1269 1283 1 sandstone patio
+small house: 2625 708 1 small house
+small house: 1829 1053 1 small house
+tower: 4500 3403 1 tower
+small house: 1121 1164 1 small house
+log cabin: 2623 852 1 log cabin
+small tower: 4673 3831 1 small tower
+villa: 4641 3284 1 villa
+log cabin: 1592 1438 1 log cabin
+small house: 731 699 1 small house
+small tower: 1208 916 1 small tower
+villa: 1447 2007 1 villa
+small tower: 836 751 1 small tower
+log cabin: 4417 3791 1 log cabin
+stone shop: 1367 542 1 stone shop
+tower: 1582 990 1 tower
+villa: 1526 2994 1 villa
+stone shop: 3519 1109 1 stone shop
+villa: 1684 662 1 villa
+marble shop: 1139 1153 1 marble shop
+small tower: 1285 290 1 small tower
+villa: 1605 2901 1 villa
+villa: 1257 1279 1 villa
+small tower: 2669 713 1 small tower
+small tower: 1608 2620 1 small tower
+marble shop: 1690 2724 1 marble shop
+small house: 2077 2149 1 small house
+keep: 4183 660 1 keep
+sandstone patio: 2425 933 1 sandstone patio
+tower: 2673 150 1 tower
+two story house: 1453 2692 1 two story house
+small house: 834 726 1 small house
+small tower: 4564 3372 1 small tower
+villa: 893 2355 1 villa
+log cabin: 1956 815 1 log cabin
+small tower: 1815 3047 1 small tower
+stone shop: 4659 1191 1 stone shop
+small house: 1564 1335 1 small house
+two story house: 887 896 1 two story house
+patio house: 2321 930 1 patio house
+marble shop: 1305 2669 1 marble shop
+two story house: 911 921 1 two story house
+small tower: 1480 2034 1 small tower
+small tower: 1369 2600 1 small tower
+villa: 1233 2833 1 villa
+stone shop: 1148 3576 1 stone shop
+small house: 718 631 1 small house
+log cabin: 1298 2509 1 log cabin
+sandstone patio: 2379 3415 1 sandstone patio
+stone shop: 2036 383 1 stone shop
+tower: 2073 1166 1 tower
+log cabin: 1018 539 1 log cabin
+villa: 1648 2223 1 villa
+small tower: 3966 257 1 small tower
+marble patio: 3973 218 1 marble patio
+tower: 3963 241 1 tower
+tower: 1772 3240 1 tower
+small house: 1714 2357 1 small house
+small tower: 1325 1935 1 small tower
+marble shop: 685 636 1 marble shop
+keep: 1799 3235 1 keep
+small house: 4123 392 1 small house
+marble shop: 4619 3308 1 marble shop
+small tower: 1362 2939 1 small tower
+small house: 4122 373 1 small house
+small tower: 4660 3836 1 small tower
+marble patio: 1888 1480 1 marble patio
+small tower: 1177 2148 1 small tower
+small tower: 1296 1953 1 small tower
+sandstone patio: 1487 1387 1 sandstone patio
+villa: 3299 681 1 villa
+small house: 3581 2551 1 small house
+sandstone patio: 1971 916 1 sandstone patio
+small tower: 2044 495 1 small tower
+villa: 659 747 1 villa
+villa: 1629 3250 1 villa
+small house: 1061 3199 1 small house
+small tower: 805 2367 1 small tower
+patio house: 821 904 1 patio house
+small house: 4097 329 1 small house
+small tower: 4185 3751 1 small tower
+small house: 1822 3021 1 small house
+log cabin: 2005 135 1 log cabin
+small house: 2028 84 1 small house
+villa: 1116 3197 1 villa
+small tower: 1381 832 1 small tower
+marble shop: 4309 1086 1 marble shop
+two story house: 1905 2296 1 two story house
+stone shop: 743 693 1 stone shop
+small house: 2903 323 1 small house
+small tower: 3437 119 1 small tower
+villa: 1777 775 1 villa
+log cabin: 2186 2132 1 log cabin
+sandstone patio: 2393 1258 1 sandstone patio
+marble shop: 1261 1930 1 marble shop
+sandstone patio: 2594 1219 1 sandstone patio
+villa: 4238 727 1 villa
+patio house: 1134 3564 1 patio house
+villa: 1640 3269 1 villa
+small house: 2635 1260 1 small house
+villa: 1764 789 1 villa
+small tower: 1819 3035 1 small tower
+villa: 791 878 1 villa
+small tower: 1626 1317 1 small tower
+small house: 694 1300 1 small house
+villa: 729 654 1 villa
+small house: 1731 3179 1 small house
+marble shop: 752 563 1 marble shop
+stone shop: 2959 498 1 stone shop
+marble shop: 3304 304 1 marble shop
+large house: 1242 379 1 large house
+small tower: 1632 1330 1 small tower
+villa: 1741 521 1 villa
+small tower: 1381 541 1 small tower
+small tower: 2568 756 1 small tower
+villa: 853 2075 1 villa
+tower: 4108 578 1 tower
+tower: 4613 3366 1 tower
+tower: 386 1327 1 tower
+marble shop: 1571 943 1 marble shop
+small tower: 1108 3184 1 small tower
+log cabin: 667 770 1 log cabin
+log cabin: 1912 3468 1 log cabin
+small house: 1125 3564 1 small house
+log cabin: 1450 2344 1 log cabin
+villa: 1802 3249 1 villa
+sandstone patio: 1347 1406 1 sandstone patio
+sandstone patio: 1874 954 1 sandstone patio
+small house: 762 1997 1 small house
+stone shop: 4648 1127 1 stone shop
+small tower: 2096 2138 1 small tower
+patio house: 1110 3565 1 patio house
+small house: 1524 288 1 small house
+villa: 1439 1400 1 villa
+small house: 1554 645 1 small house
+small tower: 1756 3404 1 small tower
+log cabin: 1579 599 1 log cabin
+two story house: 2434 1266 1 two story house
+villa: 1933 826 1 villa
+small house: 776 2000 1 small house
+small house: 2092 118 1 small house
+small tower: 2111 187 1 small tower
+small house: 2738 711 1 small house
+two story house: 3199 169 1 two story house
+sandstone patio: 966 535 1 sandstone patio
+small tower: 1576 881 1 small tower
+tower: 1887 1408 1 tower
+tower: 1774 1232 1 tower
+log cabin: 1006 539 1 log cabin
+stone shop: 4606 3536 1 stone shop
+villa: 4482 3789 1 villa
+stone shop: 4574 3529 1 stone shop
+stone shop: 2422 1261 1 stone shop
+small tower: 912 2208 1 small tower
+marble shop: 3153 371 1 marble shop
+villa: 1325 254 1 villa
+patio house: 4531 3727 1 patio house
+sandstone patio: 2633 94 1 sandstone patio
+log cabin: 2317 706 1 log cabin
+log cabin: 2666 431 1 log cabin
+marble patio: 1418 2570 1 marble patio
+small house: 840 2097 1 small house
+villa: 2059 57 1 villa
+log cabin: 3196 148 1 log cabin
+small tower: 2466 3661 1 small tower
+villa: 831 525 1 villa
+small tower: 3191 166 1 small tower
+small tower: 2606 1258 1 small tower
+small tower: 1411 238 1 small tower
+marble shop: 1451 1452 1 marble shop
+small tower: 908 1721 1 small tower
+villa: 1488 1048 1 villa
+marble shop: 4010 194 1 marble shop
+small house: 737 834 1 small house
+marble shop: 2815 439 1 marble shop
+log cabin: 1652 1083 1 log cabin
+small tower: 4324 1125 1 small tower
+stone shop: 1159 2679 1 stone shop
+small tower: 1110 504 1 small tower
+small tower: 2295 1103 1 small tower
+marble shop: 1095 1200 1 marble shop
+two story house: 2006 3418 1 two story house
+villa: 2038 3395 1 villa
+sandstone patio: 4073 346 1 sandstone patio
+stone shop: 2716 1044 1 stone shop
+two story house: 984 1900 1 two story house
+small tower: 844 1560 1 small tower
+patio house: 1979 3406 1 patio house
+marble patio: 772 1862 1 marble patio
+two story house: 867 548 1 two story house
+villa: 1572 2784 1 villa
+stone shop: 1556 2785 1 stone shop
+small tower: 1892 804 1 small tower
+small tower: 1584 2781 1 small tower
+small tower: 1883 804 1 small tower
+small tower: 1874 804 1 small tower
+small tower: 1904 2981 1 small tower
+stone shop: 2635 1214 1 stone shop
+small house: 2121 349 1 small house
+marble shop: 2713 666 1 marble shop
+small tower: 796 1728 1 small tower
+villa: 1384 301 1 villa
+small house: 1014 1926 1 small house
+small house: 1498 1359 1 small house
+large house: 3331 228 1 large house
+villa: 1916 2408 1 villa
+small house: 1872 422 1 small house
+small tower: 1889 1542 1 small tower
+small house: 2070 853 1 small house
+small tower: 2805 551 1 small tower
+small tower: 2948 566 1 small tower
+marble shop: 2855 569 1 marble shop
+villa: 3447 305 1 villa
+small tower: 1034 471 1 small tower
+small tower: 1510 1122 1 small tower
+large house: 3901 296 1 large house
+tower: 650 800 1 tower
+marble shop: 689 802 1 marble shop
+log cabin: 1888 1521 1 log cabin
+villa: 1159 606 1 villa
+villa: 2083 3409 1 villa
+stone shop: 1552 2768 1 stone shop
+small house: 913 875 1 small house
+stone shop: 4612 3709 1 stone shop
+villa: 1800 227 1 villa
+villa: 1798 2389 1 villa
+villa: 1776 3158 1 villa
+patio house: 667 800 1 patio house
+small house: 2677 1064 1 small house
+small tower: 1596 2772 1 small tower
+stone shop: 1239 763 1 stone shop
+small house: 995 2085 1 small house
+marble patio: 2024 727 1 marble patio
+tower: 2032 751 1 tower
+stone shop: 1505 2745 1 stone shop
+tower: 5408 1097 1 tower
+large house: 1811 355 1 large house
+sandstone patio: 1051 998 1 sandstone patio
+tower: 1811 3506 1 tower
+small tower: 1830 3508 1 small tower
+small tower: 1796 3508 1 small tower
+tower: 2383 3396 1 tower
+small tower: 4146 540 1 small tower
+villa: 2899 76 1 villa
+small tower: 708 1536 1 small tower
+marble shop: 2835 469 1 marble shop
+tower: 1840 248 1 tower
+small house: 1073 2716 1 small house
+sandstone patio: 2052 1115 1 sandstone patio
+small tower: 1284 1917 1 small tower
+villa: 1104 3164 1 villa
+log cabin: 1085 3099 1 log cabin
+small house: 1073 3111 1 small house
+small tower: 1445 2565 1 small tower
+marble shop: 1616 1428 1 marble shop
+small house: 2105 3006 1 small house
+marble shop: 3038 270 1 marble shop
+small house: 1437 2343 1 small house
+marble shop: 2664 442 1 marble shop
+marble shop: 4309 1062 1 marble shop
+small house: 1535 2856 1 small house
+marble shop: 4775 3827 1 marble shop
+small tower: 841 415 1 small tower
+villa: 1954 2373 1 villa
+keep: 2186 764 1 keep
+large house: 2573 203 1 large house
+log cabin: 1795 687 1 log cabin
+small house: 1649 3563 1 small house
+log cabin: 1026 2482 1 log cabin
+sandstone patio: 3575 1221 1 sandstone patio
+small tower: 682 1347 1 small tower
+tower: 4485 3316 1 tower
+tower: 1823 3219 1 tower
+stone shop: 1996 420 1 stone shop
+small tower: 641 1346 1 small tower
+two story house: 1653 2854 1 two story house
+tower: 4192 692 1 tower
+small tower: 1817 3186 1 small tower
+small tower: 2041 111 1 small tower
+small house: 3422 294 1 small house
+tower: 2254 941 1 tower
+small house: 2260 954 1 small house
+stone shop: 1178 2544 1 stone shop
+patio house: 1559 2926 1 patio house
+marble shop: 2370 805 1 marble shop
+villa: 1868 3211 1 villa
+keep: 1116 2849 1 keep
+villa: 1699 2847 1 villa
+small house: 1354 2855 1 small house
+patio house: 992 980 1 patio house
+patio house: 976 637 1 patio house
+villa: 2035 33 1 villa
+tower: 1492 738 1 tower
+small tower: 1544 561 1 small tower
+small tower: 1828 2475 1 small tower
+log cabin: 1395 1112 1 log cabin
+patio house: 1824 3084 1 patio house
+small tower: 1735 3523 1 small tower
+small house: 2342 748 1 small house
+small house: 4270 1137 1 small house
+small tower: 2024 1944 1 small tower
+small tower: 2243 440 1 small tower
+stone shop: 1736 3377 1 stone shop
+small house: 683 691 1 small house
+tower: 2524 146 1 tower
+marble shop: 4568 1003 1 marble shop
+sandstone patio: 1443 1087 1 sandstone patio
+villa: 4471 3649 1 villa
+marble shop: 3365 295 1 marble shop
+small house: 2029 71 1 small house
+marble patio: 1675 1460 1 marble patio
+log cabin: 1751 268 1 log cabin
+small house: 2677 268 1 small house
+small house: 2852 286 1 small house
+small house: 1456 1080 1 small house
+two story house: 1799 597 1 two story house
+small tower: 1858 2921 1 small tower
+stone shop: 2284 834 1 stone shop
+small tower: 176 1509 1 small tower
+marble shop: 1914 1213 1 marble shop
+small house: 4645 1416 1 small house
+large house: 1136 2824 1 large house
+small tower: 1923 3166 1 small tower
+log cabin: 2136 142 1 log cabin
+villa: 1664 2674 1 villa
+villa: 2659 303 1 villa
+small house: 833 1716 1 small house
+small tower: 4365 972 1 small tower
+small house: 757 1868 1 small house
+two story house: 910 959 1 two story house
+marble shop: 798 719 1 marble shop
+large house: 1477 1152 1 large house
+stone shop: 4624 3540 1 stone shop
+sandstone patio: 1622 461 1 sandstone patio
+patio house: 2104 825 1 patio house
+stone shop: 4607 3884 1 stone shop
+keep: 1116 2819 1 keep
+small house: 927 2153 1 small house
+small tower: 2045 883 1 small tower
+marble shop: 2266 392 1 marble shop
+small tower: 1537 2496 1 small tower
+small tower: 4754 3844 1 small tower
+small house: 4345 1027 1 small house
+small tower: 3093 386 1 small tower
+small house: 1755 2803 1 small house
+small house: 1916 824 1 small house
+log cabin: 789 1861 1 log cabin
+villa: 1571 917 1 villa
+marble shop: 1892 885 1 marble shop
+small house: 2352 1110 1 small house
+sandstone patio: 4192 362 1 sandstone patio
+marble shop: 2023 527 1 marble shop
+small tower: 3212 750 1 small tower
+sandstone patio: 1467 3211 1 sandstone patio
+small house: 917 797 1 small house
+small house: 1586 697 1 small house
+small house: 4561 3773 1 small house
+sandstone patio: 1494 889 1 sandstone patio
+villa: 2441 830 1 villa
+small tower: 2480 823 1 small tower
+villa: 1763 2281 1 villa
+log cabin: 1814 2151 1 log cabin
+tower: 3139 370 1 tower
+tower: 3121 351 1 tower
+small house: 1794 650 1 small house
+small house: 1375 2879 1 small house
+villa: 1660 2158 1 villa
+sandstone patio: 1274 2068 1 sandstone patio
+villa: 2067 1185 1 villa
+large house: 2689 366 1 large house
+log cabin: 1806 2672 1 log cabin
+small house: 702 1332 1 small house
+small tower: 1994 937 1 small tower
+small tower: 1577 2739 1 small tower
+small tower: 2065 1206 1 small tower
+small house: 1939 2961 1 small house
+tower: 1543 685 1 tower
+small house: 4335 3756 1 small house
+small tower: 2996 3589 1 small tower
+two story house: 900 684 1 two story house
+sandstone patio: 1664 719 1 sandstone patio
+sandstone patio: 1598 546 1 sandstone patio
+small tower: 1847 657 1 small tower
+marble shop: 1611 554 1 marble shop
+villa: 903 699 1 villa
+stone shop: 4222 3768 1 stone shop
+small house: 3087 322 1 small house
+small house: 1579 2850 1 small house
+sandstone patio: 2025 3117 1 sandstone patio
+small tower: 2057 3133 1 small tower
+marble shop: 2068 3115 1 marble shop
+small tower: 2048 3133 1 small tower
+small tower: 2039 3133 1 small tower
+villa: 783 705 1 villa
+small tower: 2481 4014 1 small tower
+villa: 1940 2385 1 villa
+small tower: 1201 2553 1 small tower
+stone shop: 2541 3597 1 stone shop
+small tower: 2093 162 1 small tower
+small house: 2781 801 1 small house
+small house: 4407 1427 1 small house
+villa: 788 654 1 villa
+small house: 1664 1456 1 small house
+marble shop: 720 695 1 marble shop
+small house: 1862 649 1 small house
+small tower: 1319 2334 1 small tower
+two story house: 1363 346 1 two story house
+villa: 1783 2388 1 villa
+small house: 2106 2331 1 small house
+small house: 1217 2556 1 small house
+small tower: 1384 2079 1 small tower
+small tower: 1870 1012 1 small tower
+patio house: 926 2132 1 patio house
+sandstone patio: 1520 3197 1 sandstone patio
+two story house: 1195 1394 1 two story house
+small house: 4295 1159 1 small house
+small house: 2017 2171 1 small house
+small house: 2463 1262 1 small house
+villa: 1380 330 1 villa
+small house: 1690 1462 1 small house
+tower: 3284 123 1 tower
+small house: 3283 137 1 small house
+small tower: 2327 1097 1 small tower
+sandstone patio: 1459 1894 1 sandstone patio
+tower: 898 2488 1 tower
+log cabin: 1885 2259 1 log cabin
+marble shop: 4269 3658 1 marble shop
+small house: 1336 2351 1 small house
+small tower: 925 2576 1 small tower
+small tower: 949 2158 1 small tower
+small tower: 1265 2951 1 small tower
+patio house: 1224 2943 1 patio house
+stone shop: 2682 2014 1 stone shop
+villa: 1054 2490 1 villa
+small tower: 984 2154 1 small tower
+small house: 2394 3439 1 small house
+small house: 2400 3403 1 small house
+small house: 2398 3421 1 small house
+villa: 1593 778 1 villa
+two story house: 1187 583 1 two story house
+small tower: 2978 444 1 small tower
+two story house: 1589 1114 1 two story house
+marble shop: 1868 814 1 marble shop
+stone shop: 1977 829 1 stone shop
+log cabin: 1627 2141 1 log cabin
+tower: 1519 686 1 tower
+sandstone patio: 4179 362 1 sandstone patio
+small tower: 4170 366 1 small tower
+small tower: 1877 2972 1 small tower
+log cabin: 1278 1338 1 log cabin
+stone shop: 1365 315 1 stone shop
+villa: 1657 1097 1 villa
+villa: 1643 1107 1 villa
+small tower: 1521 1118 1 small tower
+villa: 1283 1502 1 villa
+small house: 4301 3667 1 small house
+keep: 1206 2967 1 keep
+log cabin: 1485 889 1 log cabin
+marble shop: 4273 3671 1 marble shop
+log cabin: 1805 2223 1 log cabin
+small house: 1275 1384 1 small house
+small house: 2682 302 1 small house
+small tower: 2206 819 1 small tower
+small house: 4321 1041 1 small house
+sandstone patio: 3967 543 1 sandstone patio
+small house: 795 751 1 small house
+stone shop: 4586 3706 1 stone shop
+marble shop: 2408 816 1 marble shop
+small house: 717 1816 1 small house
+log cabin: 3104 341 1 log cabin
+small tower: 1685 2245 1 small tower
+small house: 1007 1810 1 small house
+small house: 1722 3464 1 small house
+small tower: 2884 503 1 small tower
+stone shop: 2639 810 1 stone shop
+marble shop: 4623 3837 1 marble shop
